2026-08-02T07:30:48.363 INFO     [pid=6851 thread=MainThread] BREADCRUMB {"event":"session_started","version":"0.15.4-background-life-r5","executable":"","packaged":false,"working_directory":"/data/data/com.hughbechainezbyte.thefadesoffate.thefadesoffate/files/app","log_directory":"/data/data/com.hughbechainezbyte.thefadesoffate.thefadesoffate/files/app/logs"}
2026-08-02T07:30:48.365 INFO     [pid=6851 thread=MainThread] BREADCRUMB {"event":"content_update","status":"failed","updated":false,"content_root":"/data/data/com.hughbechainezbyte.thefadesoffate.thefadesoffate/files/the-fades-of-fate/content","local_revision":0,"remote_revision":0,"manifest_path":"/data/data/com.hughbechainezbyte.thefadesoffate.thefadesoffate/files/the-fades-of-fate/content/data/content-manifest.json","reason":"release feed unavailable"}
2026-08-02T07:30:52.926 INFO     [pid=6851 thread=MainThread] BREADCRUMB {"event":"scene_definition_resolved","path":"/data/data/com.hughbechainezbyte.thefadesoffate.thefadesoffate/files/app/data/chapter1_location_lock.json","sha256":"093490ebcc82f191deea619eee3ddf1c80dda1a7bbfce9ef2803d41c4b8a17c7"}
2026-08-02T07:30:52.928 INFO     [pid=6851 thread=MainThread] BREADCRUMB {"event":"level_scene_resolved","schema_version":1,"game_git_commit":"f464aa75dbdea4026e3854390a45686aec66e5e8","working_tree_dirty":false,"game_version":"0.15.4-background-life-r5","content_git_commit":"f464aa75dbdea4026e3854390a45686aec66e5e8","content_revision":75,"content_manifest_hash":"25db30cdbe62add83095e8b0114605fca6ac43ea36d570e77820b5710d976dfa","content_manifest_path":"/data/data/com.hughbechainezbyte.thefadesoffate.thefadesoffate/files/app/data/content-manifest.json","build_timestamp":"2026-08-02T07:11:14-07:00","platform":"android","active_level_id":"chapter_1_level_1","scene_definition_path":"data/chapter1_location_lock.json","scene_definition_resolved_path":"/data/data/com.hughbechainezbyte.thefadesoffate.thefadesoffate/files/app/data/chapter1_location_lock.json","scene_definition_sha256":"093490ebcc82f191deea619eee3ddf1c80dda1a7bbfce9ef2803d41c4b8a17c7","active_background_renderer":"src.pixel_art._draw_location_locked_background","canonical_asset_root":"/data/data/com.hughbechainezbyte.thefadesoffate.thefadesoffate/files/app/assets","background_layers":5,"animated_environment_entities":4,"vehicle_variants":4,"fallback_asset_used":false,"cached_asset_used":false,"artifact_match":true,"build_provenance_path":"/data/data/com.hughbechainezbyte.thefadesoffate.thefadesoffate/files/app/build_provenance.json","all_assets_resolved":true,"noncanonical_asset_used":false}
2026-08-02T07:30:52.929 INFO     [pid=6851 thread=MainThread] BREADCRUMB {"event":"scenery_asset_resolved","field":"main_panorama_asset","path":"assets/stage/chapter1_location_locked/ch1_l1_main_v2.png","resolved_path":"/data/data/com.hughbechainezbyte.thefadesoffate.thefadesoffate/files/app/assets/stage/chapter1_location_locked/ch1_l1_main_v2.png","canonical":true,"rendered":true,"sha256":"fc1e69e3b3fc6c635b7a7342cae3b7538c979dcf118a569c693121af95c62316","size":1946732,"resolved":true}
2026-08-02T07:30:52.930 INFO     [pid=6851 thread=MainThread] BREADCRUMB {"event":"scenery_asset_resolved","field":"far_asset","path":"assets/stage/chapter1_location_locked/ch1_l1_far_v2.png","resolved_path":"/data/data/com.hughbechainezbyte.thefadesoffate.thefadesoffate/files/app/assets/stage/chapter1_location_locked/ch1_l1_far_v2.png","canonical":true,"rendered":false,"sha256":"8b7a6b394531f600c5738b92d50834e9e1007d81ad10588a80d3442804a5fdb7","size":17186,"resolved":true}
2026-08-02T07:30:52.931 INFO     [pid=6851 thread=MainThread] BREADCRUMB {"event":"scenery_asset_resolved","field":"near_asset","path":"assets/stage/chapter1_location_locked/ch1_l1_near_v2.png","resolved_path":"/data/data/com.hughbechainezbyte.thefadesoffate.thefadesoffate/files/app/assets/stage/chapter1_location_locked/ch1_l1_near_v2.png","canonical":true,"rendered":false,"sha256":"96e73b6327db67084ac6753174094d60f6d898a530a7f4b2b8e99934ef36ec39","size":6170,"resolved":true}
2026-08-02T07:30:52.932 INFO     [pid=6851 thread=MainThread] BREADCRUMB {"event":"scenery_asset_resolved","field":"far_haze_asset","path":"assets/stage/chapter1_location_locked/ch1_l1_haze_v2.png","resolved_path":"/data/data/com.hughbechainezbyte.thefadesoffate.thefadesoffate/files/app/assets/stage/chapter1_location_locked/ch1_l1_haze_v2.png","canonical":true,"rendered":true,"sha256":"e6a0fe43beeb83223b42c990c1655bfe6d7f367424219190e3c925a0322cca9d","size":8990,"resolved":true}
2026-08-02T07:30:52.933 INFO     [pid=6851 thread=MainThread] BREADCRUMB {"event":"scenery_asset_resolved","field":"far_skyline_asset","path":"assets/stage/chapter1_location_locked/ch1_l1_skyline_v2.png","resolved_path":"/data/data/com.hughbechainezbyte.thefadesoffate.thefadesoffate/files/app/assets/stage/chapter1_location_locked/ch1_l1_skyline_v2.png","canonical":true,"rendered":true,"sha256":"e79a6d62710056c8f539728cd7cde0a047a6514840cc868326e1fad4dfa80b4d","size":11227,"resolved":true}
2026-08-02T07:30:52.933 INFO     [pid=6851 thread=MainThread] BREADCRUMB {"event":"scenery_asset_resolved","field":"architecture_asset","path":"assets/stage/chapter1_location_locked/ch1_l1_architecture_v2.png","resolved_path":"/data/data/com.hughbechainezbyte.thefadesoffate.thefadesoffate/files/app/assets/stage/chapter1_location_locked/ch1_l1_architecture_v2.png","canonical":true,"rendered":false,"sha256":"0c5c8badf21987ed3b323ccae19d7b8e8a3fa42dd1ad5550d07e0e2d7a81f182","size":51665,"resolved":true}
2026-08-02T07:30:52.936 INFO     [pid=6851 thread=MainThread] BREADCRUMB {"event":"scenery_asset_resolved","field":"ground_asset","path":"assets/stage/chapter1_location_locked/ch1_l1_ground_v2.png","resolved_path":"/data/data/com.hughbechainezbyte.thefadesoffate.thefadesoffate/files/app/assets/stage/chapter1_location_locked/ch1_l1_ground_v2.png","canonical":true,"rendered":true,"sha256":"e1ef9b3bf4283bb315d92c5cf498e4825ec5d75e5397c080142e373b39d36414","size":503064,"resolved":true}
2026-08-02T07:30:52.939 INFO     [pid=6851 thread=MainThread] BREADCRUMB {"event":"scenery_asset_resolved","field":"near_occluder_asset","path":"assets/stage/chapter1_location_locked/ch1_l1_near_occluder_v2.png","resolved_path":"/data/data/com.hughbechainezbyte.thefadesoffate.thefadesoffate/files/app/assets/stage/chapter1_location_locked/ch1_l1_near_occluder_v2.png","canonical":true,"rendered":true,"sha256":"96e73b6327db67084ac6753174094d60f6d898a530a7f4b2b8e99934ef36ec39","size":6170,"resolved":true}
2026-08-02T07:30:56.636 INFO     [pid=6851 thread=MainThread] BREADCRUMB {"event":"audio_initialized","mixer":[44100,-16,2],"sfx":["punch","heavy_hit","hit","whoosh","bb_gun","pickup","jump","land","dodge","super","dog","chief_bite","laugh","menu","dave_grunt_1","dave_grunt_2","dave_downed","dave_chief","shelly_grunt_1","shelly_grunt_2","shelly_downed","shelly_chief","enemy_grunt","enemy_downed"],"assets":"/data/data/com.hughbechainezbyte.thefadesoffate.thefadesoffate/files/app/assets/audio"}
2026-08-02T07:30:58.218 INFO     [pid=6851 thread=MainThread] BREADCRUMB {"event":"music_started","filename":"friday_activities_klickaud_menu.ogg","loop":true}
2026-08-02T07:30:58.219 INFO     [pid=6851 thread=MainThread] BREADCRUMB {"event":"menu_music_selected","state":"loading","frame":0,"filename":"friday_activities_klickaud_menu.ogg","started":true}
2026-08-02T07:30:58.221 INFO     [pid=6851 thread=MainThread] BREADCRUMB {"event":"game_created","version":"0.15.4-background-life-r5","controllers":[{"instance_id":0,"name":"Android Accelerometer","guid":"05007e98416e64726f69642000000300","axis_count":3,"button_count":0,"hat_count":0,"mapped":false,"synthetic":false}]}
2026-08-02T07:30:58.226 INFO     [pid=6851 thread=MainThread] BREADCRUMB {"event":"main_loop_started","display":[2264,1080],"controllers":[{"instance_id":0,"name":"Android Accelerometer","guid":"05007e98416e64726f69642000000300","axis_count":3,"button_count":0,"hat_count":0,"mapped":false,"synthetic":false}]}
2026-08-02T07:30:58.232 INFO     [pid=6851 thread=MainThread] BREADCRUMB {"event":"frame_catchup_capped","frame_seconds":0.1}
2026-08-02T07:30:58.359 INFO     [pid=6851 thread=MainThread] BREADCRUMB {"event":"frame_catchup_capped","frame_seconds":0.1}
2026-08-02T07:30:59.984 INFO     [pid=6851 thread=MainThread] BREADCRUMB {"event":"title_ready","state":"title","frame":106}
2026-08-02T07:31:01.360 INFO     [pid=6851 thread=MainThread] BREADCRUMB {"event":"player_joined","state":"character_select","frame":184,"player":1,"binding":{"type":"keyboard"}}
2026-08-02T07:31:01.361 INFO     [pid=6851 thread=MainThread] BREADCRUMB {"event":"character_select_opened","state":"character_select","frame":184,"source":"mouse"}
2026-08-02T07:31:01.562 INFO     [pid=6851 thread=MainThread] BREADCRUMB {"event":"frame_catchup_capped","frame_seconds":0.1}
2026-08-02T07:31:01.676 INFO     [pid=6851 thread=MainThread] BREADCRUMB {"event":"frame_catchup_capped","frame_seconds":0.1}
2026-08-02T07:31:01.772 INFO     [pid=6851 thread=MainThread] BREADCRUMB {"event":"frame_catchup_capped","frame_seconds":0.095}
2026-08-02T07:31:02.377 INFO     [pid=6851 thread=MainThread] BREADCRUMB {"event":"frame_catchup_capped","frame_seconds":0.078}
2026-08-02T07:31:02.464 INFO     [pid=6851 thread=MainThread] BREADCRUMB {"event":"frame_catchup_capped","frame_seconds":0.087}
2026-08-02T07:31:02.799 INFO     [pid=6851 thread=MainThread] BREADCRUMB {"event":"frame_catchup_capped","frame_seconds":0.082}
2026-08-02T07:31:04.398 INFO     [pid=6851 thread=MainThread] BREADCRUMB {"event":"character_confirmed","state":"character_select","frame":357,"player":1,"character":"black_dave","source":"mouse"}
2026-08-02T07:31:05.273 INFO     [pid=6851 thread=MainThread] BREADCRUMB {"event":"music_started","filename":"red_2nd_track_stage_8bit.ogg","loop":true}
2026-08-02T07:31:05.274 INFO     [pid=6851 thread=MainThread] BREADCRUMB {"event":"stage_music_selected","state":"gameplay","frame":406,"filename":"red_2nd_track_stage_8bit.ogg","started":true}
2026-08-02T07:31:05.275 INFO     [pid=6851 thread=MainThread] BREADCRUMB {"event":"stage_started","state":"gameplay","frame":406,"stage":"second_street","players":[{"slot":1,"character":"black_dave","binding":{"type":"keyboard"},"cpu":false},{"slot":2,"character":"shelly","binding":{"type":"cpu","instance_id":-2},"cpu":true}]}
2026-08-02T07:31:08.568 INFO     [pid=6851 thread=MainThread] BREADCRUMB {"event":"frame_catchup_capped","frame_seconds":0.1}
2026-08-02T07:31:08.694 INFO     [pid=6851 thread=MainThread] BREADCRUMB {"event":"frame_catchup_capped","frame_seconds":0.1}
2026-08-02T07:31:08.813 INFO     [pid=6851 thread=MainThread] BREADCRUMB {"event":"frame_catchup_capped","frame_seconds":0.1}
2026-08-02T07:31:08.950 INFO     [pid=6851 thread=MainThread] BREADCRUMB {"event":"frame_catchup_capped","frame_seconds":0.1}
2026-08-02T07:31:09.107 INFO     [pid=6851 thread=MainThread] BREADCRUMB {"event":"frame_catchup_capped","frame_seconds":0.1}
2026-08-02T07:31:09.230 INFO     [pid=6851 thread=MainThread] BREADCRUMB {"event":"frame_catchup_capped","frame_seconds":0.1}
2026-08-02T07:31:09.348 INFO     [pid=6851 thread=MainThread] BREADCRUMB {"event":"frame_catchup_capped","frame_seconds":0.1}
2026-08-02T07:31:09.467 INFO     [pid=6851 thread=MainThread] BREADCRUMB {"event":"frame_catchup_capped","frame_seconds":0.1}
2026-08-02T07:31:09.598 INFO     [pid=6851 thread=MainThread] BREADCRUMB {"event":"frame_catchup_capped","frame_seconds":0.1}
2026-08-02T07:31:09.747 INFO     [pid=6851 thread=MainThread] BREADCRUMB {"event":"frame_catchup_capped","frame_seconds":0.1}
2026-08-02T07:31:09.870 INFO     [pid=6851 thread=MainThread] BREADCRUMB {"event":"frame_catchup_capped","frame_seconds":0.1}
2026-08-02T07:31:09.983 INFO     [pid=6851 thread=MainThread] BREADCRUMB {"event":"frame_catchup_capped","frame_seconds":0.1}
2026-08-02T07:31:10.089 INFO     [pid=6851 thread=MainThread] BREADCRUMB {"event":"frame_catchup_capped","frame_seconds":0.1}
2026-08-02T07:31:10.201 INFO     [pid=6851 thread=MainThread] BREADCRUMB {"event":"frame_catchup_capped","frame_seconds":0.1}
2026-08-02T07:31:10.315 INFO     [pid=6851 thread=MainThread] BREADCRUMB {"event":"frame_catchup_capped","frame_seconds":0.1}
2026-08-02T07:31:10.457 INFO     [pid=6851 thread=MainThread] BREADCRUMB {"event":"frame_catchup_capped","frame_seconds":0.1}
2026-08-02T07:31:10.595 INFO     [pid=6851 thread=MainThread] BREADCRUMB {"event":"frame_catchup_capped","frame_seconds":0.1}
2026-08-02T07:31:10.700 INFO     [pid=6851 thread=MainThread] BREADCRUMB {"event":"frame_catchup_capped","frame_seconds":0.1}
2026-08-02T07:31:10.811 INFO     [pid=6851 thread=MainThread] BREADCRUMB {"event":"frame_catchup_capped","frame_seconds":0.1}
2026-08-02T07:31:10.918 INFO     [pid=6851 thread=MainThread] BREADCRUMB {"event":"frame_catchup_capped","frame_seconds":0.1}
2026-08-02T07:31:11.047 INFO     [pid=6851 thread=MainThread] BREADCRUMB {"event":"frame_catchup_capped","frame_seconds":0.1}
2026-08-02T07:31:11.192 INFO     [pid=6851 thread=MainThread] BREADCRUMB {"event":"frame_catchup_capped","frame_seconds":0.1}
2026-08-02T07:31:11.313 INFO     [pid=6851 thread=MainThread] BREADCRUMB {"event":"frame_catchup_capped","frame_seconds":0.1}
2026-08-02T07:31:11.430 INFO     [pid=6851 thread=MainThread] BREADCRUMB {"event":"frame_catchup_capped","frame_seconds":0.1}
2026-08-02T07:31:11.526 INFO     [pid=6851 thread=MainThread] BREADCRUMB {"event":"frame_catchup_capped","frame_seconds":0.1}
2026-08-02T07:31:11.636 INFO     [pid=6851 thread=MainThread] BREADCRUMB {"event":"frame_catchup_capped","frame_seconds":0.1}
2026-08-02T07:31:11.739 INFO     [pid=6851 thread=MainThread] BREADCRUMB {"event":"frame_catchup_capped","frame_seconds":0.1}
2026-08-02T07:31:11.872 INFO     [pid=6851 thread=MainThread] BREADCRUMB {"event":"frame_catchup_capped","frame_seconds":0.1}
2026-08-02T07:31:11.986 INFO     [pid=6851 thread=MainThread] BREADCRUMB {"event":"frame_catchup_capped","frame_seconds":0.1}
2026-08-02T07:31:12.088 INFO     [pid=6851 thread=MainThread] BREADCRUMB {"event":"frame_catchup_capped","frame_seconds":0.1}
2026-08-02T07:31:12.187 INFO     [pid=6851 thread=MainThread] BREADCRUMB {"event":"frame_catchup_capped","frame_seconds":0.1}
2026-08-02T07:31:12.280 INFO     [pid=6851 thread=MainThread] BREADCRUMB {"event":"frame_catchup_capped","frame_seconds":0.092}
2026-08-02T07:31:12.367 INFO     [pid=6851 thread=MainThread] BREADCRUMB {"event":"frame_catchup_capped","frame_seconds":0.091}
2026-08-02T07:31:12.458 INFO     [pid=6851 thread=MainThread] BREADCRUMB {"event":"frame_catchup_capped","frame_seconds":0.087}
2026-08-02T07:31:12.557 INFO     [pid=6851 thread=MainThread] BREADCRUMB {"event":"frame_catchup_capped","frame_seconds":0.096}
2026-08-02T07:31:12.674 INFO     [pid=6851 thread=MainThread] BREADCRUMB {"event":"frame_catchup_capped","frame_seconds":0.1}
2026-08-02T07:31:12.755 INFO     [pid=6851 thread=MainThread] BREADCRUMB {"event":"frame_catchup_capped","frame_seconds":0.089}
2026-08-02T07:31:12.846 INFO     [pid=6851 thread=MainThread] BREADCRUMB {"event":"frame_catchup_capped","frame_seconds":0.088}
2026-08-02T07:31:12.931 INFO     [pid=6851 thread=MainThread] BREADCRUMB {"event":"frame_catchup_capped","frame_seconds":0.086}
2026-08-02T07:31:13.020 INFO     [pid=6851 thread=MainThread] BREADCRUMB {"event":"frame_catchup_capped","frame_seconds":0.088}
2026-08-02T07:31:13.106 INFO     [pid=6851 thread=MainThread] BREADCRUMB {"event":"frame_catchup_capped","frame_seconds":0.085}
2026-08-02T07:31:13.186 INFO     [pid=6851 thread=MainThread] BREADCRUMB {"event":"frame_catchup_capped","frame_seconds":0.086}
2026-08-02T07:31:13.308 INFO     [pid=6851 thread=MainThread] BREADCRUMB {"event":"frame_catchup_capped","frame_seconds":0.089}
2026-08-02T07:31:13.411 INFO     [pid=6851 thread=MainThread] BREADCRUMB {"event":"frame_catchup_capped","frame_seconds":0.1}
2026-08-02T07:31:13.511 INFO     [pid=6851 thread=MainThread] BREADCRUMB {"event":"frame_catchup_capped","frame_seconds":0.099}
2026-08-02T07:31:13.623 INFO     [pid=6851 thread=MainThread] BREADCRUMB {"event":"frame_catchup_capped","frame_seconds":0.1}
2026-08-02T07:31:13.733 INFO     [pid=6851 thread=MainThread] BREADCRUMB {"event":"frame_catchup_capped","frame_seconds":0.1}
2026-08-02T07:31:13.837 INFO     [pid=6851 thread=MainThread] BREADCRUMB {"event":"frame_catchup_capped","frame_seconds":0.099}
2026-08-02T07:31:13.946 INFO     [pid=6851 thread=MainThread] BREADCRUMB {"event":"frame_catchup_capped","frame_seconds":0.1}
2026-08-02T07:31:14.077 INFO     [pid=6851 thread=MainThread] BREADCRUMB {"event":"frame_catchup_capped","frame_seconds":0.1}
2026-08-02T07:31:14.209 INFO     [pid=6851 thread=MainThread] BREADCRUMB {"event":"frame_catchup_capped","frame_seconds":0.1}
2026-08-02T07:31:14.319 INFO     [pid=6851 thread=MainThread] BREADCRUMB {"event":"frame_catchup_capped","frame_seconds":0.1}
2026-08-02T07:31:14.426 INFO     [pid=6851 thread=MainThread] BREADCRUMB {"event":"frame_catchup_capped","frame_seconds":0.1}
2026-08-02T07:31:14.524 INFO     [pid=6851 thread=MainThread] BREADCRUMB {"event":"frame_catchup_capped","frame_seconds":0.1}
2026-08-02T07:31:14.619 INFO     [pid=6851 thread=MainThread] BREADCRUMB {"event":"frame_catchup_capped","frame_seconds":0.095}
2026-08-02T07:31:14.716 INFO     [pid=6851 thread=MainThread] BREADCRUMB {"event":"frame_catchup_capped","frame_seconds":0.091}
2026-08-02T07:31:14.838 INFO     [pid=6851 thread=MainThread] BREADCRUMB {"event":"frame_catchup_capped","frame_seconds":0.1}
2026-08-02T07:31:14.960 INFO     [pid=6851 thread=MainThread] BREADCRUMB {"event":"frame_catchup_capped","frame_seconds":0.1}
2026-08-02T07:31:15.060 INFO     [pid=6851 thread=MainThread] BREADCRUMB {"event":"frame_catchup_capped","frame_seconds":0.1}
2026-08-02T07:31:15.178 INFO     [pid=6851 thread=MainThread] BREADCRUMB {"event":"frame_catchup_capped","frame_seconds":0.1}
2026-08-02T07:31:15.294 INFO     [pid=6851 thread=MainThread] BREADCRUMB {"event":"frame_catchup_capped","frame_seconds":0.1}
2026-08-02T07:31:15.395 INFO     [pid=6851 thread=MainThread] BREADCRUMB {"event":"frame_catchup_capped","frame_seconds":0.1}
2026-08-02T07:31:15.490 INFO     [pid=6851 thread=MainThread] BREADCRUMB {"event":"frame_catchup_capped","frame_seconds":0.095}
2026-08-02T07:31:15.594 INFO     [pid=6851 thread=MainThread] BREADCRUMB {"event":"frame_catchup_capped","frame_seconds":0.098}
2026-08-02T07:31:15.708 INFO     [pid=6851 thread=MainThread] BREADCRUMB {"event":"frame_catchup_capped","frame_seconds":0.1}
2026-08-02T07:31:15.798 INFO     [pid=6851 thread=MainThread] BREADCRUMB {"event":"frame_catchup_capped","frame_seconds":0.092}
2026-08-02T07:31:15.891 INFO     [pid=6851 thread=MainThread] BREADCRUMB {"event":"frame_catchup_capped","frame_seconds":0.098}
2026-08-02T07:31:15.982 INFO     [pid=6851 thread=MainThread] BREADCRUMB {"event":"frame_catchup_capped","frame_seconds":0.089}
2026-08-02T07:31:16.072 INFO     [pid=6851 thread=MainThread] BREADCRUMB {"event":"frame_catchup_capped","frame_seconds":0.089}
2026-08-02T07:31:16.160 INFO     [pid=6851 thread=MainThread] BREADCRUMB {"event":"frame_catchup_capped","frame_seconds":0.091}
2026-08-02T07:31:16.259 INFO     [pid=6851 thread=MainThread] BREADCRUMB {"event":"frame_catchup_capped","frame_seconds":0.093}
2026-08-02T07:31:16.391 INFO     [pid=6851 thread=MainThread] BREADCRUMB {"event":"frame_catchup_capped","frame_seconds":0.1}
2026-08-02T07:31:16.492 INFO     [pid=6851 thread=MainThread] BREADCRUMB {"event":"frame_catchup_capped","frame_seconds":0.1}
2026-08-02T07:31:16.590 INFO     [pid=6851 thread=MainThread] BREADCRUMB {"event":"frame_catchup_capped","frame_seconds":0.094}
2026-08-02T07:31:16.678 INFO     [pid=6851 thread=MainThread] BREADCRUMB {"event":"frame_catchup_capped","frame_seconds":0.094}
2026-08-02T07:31:16.774 INFO     [pid=6851 thread=MainThread] BREADCRUMB {"event":"frame_catchup_capped","frame_seconds":0.09}
2026-08-02T07:31:16.870 INFO     [pid=6851 thread=MainThread] BREADCRUMB {"event":"frame_catchup_capped","frame_seconds":0.097}
2026-08-02T07:31:16.973 INFO     [pid=6851 thread=MainThread] BREADCRUMB {"event":"frame_catchup_capped","frame_seconds":0.1}
2026-08-02T07:31:17.089 INFO     [pid=6851 thread=MainThread] BREADCRUMB {"event":"frame_catchup_capped","frame_seconds":0.1}
2026-08-02T07:31:17.211 INFO     [pid=6851 thread=MainThread] BREADCRUMB {"event":"frame_catchup_capped","frame_seconds":0.1}
2026-08-02T07:31:17.312 INFO     [pid=6851 thread=MainThread] BREADCRUMB {"event":"frame_catchup_capped","frame_seconds":0.1}
2026-08-02T07:31:17.426 INFO     [pid=6851 thread=MainThread] BREADCRUMB {"event":"frame_catchup_capped","frame_seconds":0.1}
2026-08-02T07:31:17.527 INFO     [pid=6851 thread=MainThread] BREADCRUMB {"event":"frame_catchup_capped","frame_seconds":0.1}
2026-08-02T07:31:17.616 INFO     [pid=6851 thread=MainThread] BREADCRUMB {"event":"frame_catchup_capped","frame_seconds":0.094}
2026-08-02T07:31:17.805 INFO     [pid=6851 thread=MainThread] BREADCRUMB {"event":"frame_catchup_capped","frame_seconds":0.098}
2026-08-02T07:31:17.919 INFO     [pid=6851 thread=MainThread] BREADCRUMB {"event":"frame_catchup_capped","frame_seconds":0.1}
2026-08-02T07:31:18.025 INFO     [pid=6851 thread=MainThread] BREADCRUMB {"event":"frame_catchup_capped","frame_seconds":0.1}
2026-08-02T07:31:18.108 INFO     [pid=6851 thread=MainThread] BREADCRUMB {"event":"frame_catchup_capped","frame_seconds":0.092}
2026-08-02T07:31:18.211 INFO     [pid=6851 thread=MainThread] BREADCRUMB {"event":"frame_catchup_capped","frame_seconds":0.098}
2026-08-02T07:31:18.317 INFO     [pid=6851 thread=MainThread] BREADCRUMB {"event":"frame_catchup_capped","frame_seconds":0.1}
2026-08-02T07:31:18.427 INFO     [pid=6851 thread=MainThread] BREADCRUMB {"event":"frame_catchup_capped","frame_seconds":0.1}
2026-08-02T07:31:18.519 INFO     [pid=6851 thread=MainThread] BREADCRUMB {"event":"frame_catchup_capped","frame_seconds":0.094}
2026-08-02T07:31:18.641 INFO     [pid=6851 thread=MainThread] BREADCRUMB {"event":"frame_catchup_capped","frame_seconds":0.1}
2026-08-02T07:31:18.740 INFO     [pid=6851 thread=MainThread] BREADCRUMB {"event":"frame_catchup_capped","frame_seconds":0.096}
2026-08-02T07:31:18.847 INFO     [pid=6851 thread=MainThread] BREADCRUMB {"event":"frame_catchup_capped","frame_seconds":0.1}
2026-08-02T07:31:18.955 INFO     [pid=6851 thread=MainThread] BREADCRUMB {"event":"frame_catchup_capped","frame_seconds":0.1}
2026-08-02T07:31:19.053 INFO     [pid=6851 thread=MainThread] BREADCRUMB {"event":"frame_catchup_capped","frame_seconds":0.1}
2026-08-02T07:31:19.147 INFO     [pid=6851 thread=MainThread] BREADCRUMB {"event":"frame_catchup_capped","frame_seconds":0.091}
2026-08-02T07:31:19.259 INFO     [pid=6851 thread=MainThread] BREADCRUMB {"event":"frame_catchup_capped","frame_seconds":0.1}
2026-08-02T07:31:19.364 INFO     [pid=6851 thread=MainThread] BREADCRUMB {"event":"frame_catchup_capped","frame_seconds":0.1}
2026-08-02T07:31:19.460 INFO     [pid=6851 thread=MainThread] BREADCRUMB {"event":"frame_catchup_capped","frame_seconds":0.097}
2026-08-02T07:31:19.545 INFO     [pid=6851 thread=MainThread] BREADCRUMB {"event":"frame_catchup_capped","frame_seconds":0.085}
2026-08-02T07:31:19.643 INFO     [pid=6851 thread=MainThread] BREADCRUMB {"event":"frame_catchup_capped","frame_seconds":0.1}
2026-08-02T07:31:19.736 INFO     [pid=6851 thread=MainThread] BREADCRUMB {"event":"frame_catchup_capped","frame_seconds":0.087}
2026-08-02T07:31:19.832 INFO     [pid=6851 thread=MainThread] BREADCRUMB {"event":"frame_catchup_capped","frame_seconds":0.1}
2026-08-02T07:31:19.923 INFO     [pid=6851 thread=MainThread] BREADCRUMB {"event":"frame_catchup_capped","frame_seconds":0.085}
2026-08-02T07:31:20.031 INFO     [pid=6851 thread=MainThread] BREADCRUMB {"event":"frame_catchup_capped","frame_seconds":0.1}
2026-08-02T07:31:20.210 INFO     [pid=6851 thread=MainThread] BREADCRUMB {"event":"frame_catchup_capped","frame_seconds":0.09}
2026-08-02T07:31:20.315 INFO     [pid=6851 thread=MainThread] BREADCRUMB {"event":"frame_catchup_capped","frame_seconds":0.1}
2026-08-02T07:31:20.404 INFO     [pid=6851 thread=MainThread] BREADCRUMB {"event":"frame_catchup_capped","frame_seconds":0.09}
2026-08-02T07:31:20.515 INFO     [pid=6851 thread=MainThread] BREADCRUMB {"event":"frame_catchup_capped","frame_seconds":0.1}
2026-08-02T07:31:20.613 INFO     [pid=6851 thread=MainThread] BREADCRUMB {"event":"frame_catchup_capped","frame_seconds":0.1}
2026-08-02T07:31:20.739 INFO     [pid=6851 thread=MainThread] BREADCRUMB {"event":"frame_catchup_capped","frame_seconds":0.1}
2026-08-02T07:31:20.838 INFO     [pid=6851 thread=MainThread] BREADCRUMB {"event":"frame_catchup_capped","frame_seconds":0.096}
2026-08-02T07:31:20.939 INFO     [pid=6851 thread=MainThread] BREADCRUMB {"event":"frame_catchup_capped","frame_seconds":0.1}
2026-08-02T07:31:21.032 INFO     [pid=6851 thread=MainThread] BREADCRUMB {"event":"frame_catchup_capped","frame_seconds":0.092}
2026-08-02T07:31:21.133 INFO     [pid=6851 thread=MainThread] BREADCRUMB {"event":"frame_catchup_capped","frame_seconds":0.1}
2026-08-02T07:31:21.219 INFO     [pid=6851 thread=MainThread] BREADCRUMB {"event":"frame_catchup_capped","frame_seconds":0.084}
2026-08-02T07:31:21.314 INFO     [pid=6851 thread=MainThread] BREADCRUMB {"event":"frame_catchup_capped","frame_seconds":0.094}
2026-08-02T07:31:21.416 INFO     [pid=6851 thread=MainThread] BREADCRUMB {"event":"frame_catchup_capped","frame_seconds":0.1}
2026-08-02T07:31:21.515 INFO     [pid=6851 thread=MainThread] BREADCRUMB {"event":"frame_catchup_capped","frame_seconds":0.1}
2026-08-02T07:31:21.610 INFO     [pid=6851 thread=MainThread] BREADCRUMB {"event":"frame_catchup_capped","frame_seconds":0.088}
2026-08-02T07:31:21.715 INFO     [pid=6851 thread=MainThread] BREADCRUMB {"event":"frame_catchup_capped","frame_seconds":0.1}
2026-08-02T07:31:21.805 INFO     [pid=6851 thread=MainThread] BREADCRUMB {"event":"frame_catchup_capped","frame_seconds":0.094}
2026-08-02T07:31:21.899 INFO     [pid=6851 thread=MainThread] BREADCRUMB {"event":"frame_catchup_capped","frame_seconds":0.095}
2026-08-02T07:31:22.100 INFO     [pid=6851 thread=MainThread] BREADCRUMB {"event":"frame_catchup_capped","frame_seconds":0.1}
2026-08-02T07:31:22.197 INFO     [pid=6851 thread=MainThread] BREADCRUMB {"event":"frame_catchup_capped","frame_seconds":0.097}
2026-08-02T07:31:22.293 INFO     [pid=6851 thread=MainThread] BREADCRUMB {"event":"frame_catchup_capped","frame_seconds":0.093}
2026-08-02T07:31:22.410 INFO     [pid=6851 thread=MainThread] BREADCRUMB {"event":"frame_catchup_capped","frame_seconds":0.1}
2026-08-02T07:31:22.522 INFO     [pid=6851 thread=MainThread] BREADCRUMB {"event":"frame_catchup_capped","frame_seconds":0.1}
2026-08-02T07:31:22.634 INFO     [pid=6851 thread=MainThread] BREADCRUMB {"event":"frame_catchup_capped","frame_seconds":0.1}
2026-08-02T07:31:22.757 INFO     [pid=6851 thread=MainThread] BREADCRUMB {"event":"frame_catchup_capped","frame_seconds":0.1}
2026-08-02T07:31:22.869 INFO     [pid=6851 thread=MainThread] BREADCRUMB {"event":"frame_catchup_capped","frame_seconds":0.1}
2026-08-02T07:31:22.969 INFO     [pid=6851 thread=MainThread] BREADCRUMB {"event":"frame_catchup_capped","frame_seconds":0.1}
2026-08-02T07:31:23.091 INFO     [pid=6851 thread=MainThread] BREADCRUMB {"event":"frame_catchup_capped","frame_seconds":0.1}
2026-08-02T07:31:23.190 INFO     [pid=6851 thread=MainThread] BREADCRUMB {"event":"frame_catchup_capped","frame_seconds":0.098}
2026-08-02T07:31:23.302 INFO     [pid=6851 thread=MainThread] BREADCRUMB {"event":"frame_catchup_capped","frame_seconds":0.1}
2026-08-02T07:31:23.404 INFO     [pid=6851 thread=MainThread] BREADCRUMB {"event":"frame_catchup_capped","frame_seconds":0.095}
2026-08-02T07:31:23.515 INFO     [pid=6851 thread=MainThread] BREADCRUMB {"event":"frame_catchup_capped","frame_seconds":0.1}
2026-08-02T07:31:23.695 INFO     [pid=6851 thread=MainThread] BREADCRUMB {"event":"frame_catchup_capped","frame_seconds":0.096}
2026-08-02T07:31:23.794 INFO     [pid=6851 thread=MainThread] BREADCRUMB {"event":"frame_catchup_capped","frame_seconds":0.097}
2026-08-02T07:31:23.904 INFO     [pid=6851 thread=MainThread] BREADCRUMB {"event":"frame_catchup_capped","frame_seconds":0.1}
2026-08-02T07:31:24.005 INFO     [pid=6851 thread=MainThread] BREADCRUMB {"event":"frame_catchup_capped","frame_seconds":0.1}
2026-08-02T07:31:24.142 INFO     [pid=6851 thread=MainThread] BREADCRUMB {"event":"frame_catchup_capped","frame_seconds":0.1}
2026-08-02T07:31:24.244 INFO     [pid=6851 thread=MainThread] BREADCRUMB {"event":"frame_catchup_capped","frame_seconds":0.1}
2026-08-02T07:31:24.358 INFO     [pid=6851 thread=MainThread] BREADCRUMB {"event":"frame_catchup_capped","frame_seconds":0.1}
2026-08-02T07:31:24.455 INFO     [pid=6851 thread=MainThread] BREADCRUMB {"event":"frame_catchup_capped","frame_seconds":0.098}
2026-08-02T07:31:24.562 INFO     [pid=6851 thread=MainThread] BREADCRUMB {"event":"frame_catchup_capped","frame_seconds":0.1}
2026-08-02T07:31:24.654 INFO     [pid=6851 thread=MainThread] BREADCRUMB {"event":"frame_catchup_capped","frame_seconds":0.091}
2026-08-02T07:31:24.739 INFO     [pid=6851 thread=MainThread] BREADCRUMB {"event":"frame_catchup_capped","frame_seconds":0.088}
2026-08-02T07:31:24.841 INFO     [pid=6851 thread=MainThread] BREADCRUMB {"event":"frame_catchup_capped","frame_seconds":0.095}
2026-08-02T07:31:24.956 INFO     [pid=6851 thread=MainThread] BREADCRUMB {"event":"frame_catchup_capped","frame_seconds":0.1}
2026-08-02T07:31:25.054 INFO     [pid=6851 thread=MainThread] BREADCRUMB {"event":"frame_catchup_capped","frame_seconds":0.094}
2026-08-02T07:31:25.148 INFO     [pid=6851 thread=MainThread] BREADCRUMB {"event":"frame_catchup_capped","frame_seconds":0.095}
2026-08-02T07:31:25.256 INFO     [pid=6851 thread=MainThread] BREADCRUMB {"event":"frame_catchup_capped","frame_seconds":0.1}
2026-08-02T07:31:25.352 INFO     [pid=6851 thread=MainThread] BREADCRUMB {"event":"frame_catchup_capped","frame_seconds":0.1}
2026-08-02T07:31:25.449 INFO     [pid=6851 thread=MainThread] BREADCRUMB {"event":"frame_catchup_capped","frame_seconds":0.093}
2026-08-02T07:31:25.539 INFO     [pid=6851 thread=MainThread] BREADCRUMB {"event":"frame_catchup_capped","frame_seconds":0.097}
2026-08-02T07:31:25.666 INFO     [pid=6851 thread=MainThread] BREADCRUMB {"event":"frame_catchup_capped","frame_seconds":0.1}
2026-08-02T07:31:25.768 INFO     [pid=6851 thread=MainThread] BREADCRUMB {"event":"frame_catchup_capped","frame_seconds":0.1}
2026-08-02T07:31:25.873 INFO     [pid=6851 thread=MainThread] BREADCRUMB {"event":"frame_catchup_capped","frame_seconds":0.1}
2026-08-02T07:31:25.968 INFO     [pid=6851 thread=MainThread] BREADCRUMB {"event":"frame_catchup_capped","frame_seconds":0.1}
2026-08-02T07:31:26.072 INFO     [pid=6851 thread=MainThread] BREADCRUMB {"event":"frame_catchup_capped","frame_seconds":0.1}
2026-08-02T07:31:26.165 INFO     [pid=6851 thread=MainThread] BREADCRUMB {"event":"frame_catchup_capped","frame_seconds":0.094}
2026-08-02T07:31:26.253 INFO     [pid=6851 thread=MainThread] BREADCRUMB {"event":"frame_catchup_capped","frame_seconds":0.09}
2026-08-02T07:31:26.359 INFO     [pid=6851 thread=MainThread] BREADCRUMB {"event":"frame_catchup_capped","frame_seconds":0.1}
2026-08-02T07:31:26.447 INFO     [pid=6851 thread=MainThread] BREADCRUMB {"event":"frame_catchup_capped","frame_seconds":0.091}
2026-08-02T07:31:26.535 INFO     [pid=6851 thread=MainThread] BREADCRUMB {"event":"frame_catchup_capped","frame_seconds":0.084}
2026-08-02T07:31:26.629 INFO     [pid=6851 thread=MainThread] BREADCRUMB {"event":"frame_catchup_capped","frame_seconds":0.095}
2026-08-02T07:31:26.724 INFO     [pid=6851 thread=MainThread] BREADCRUMB {"event":"frame_catchup_capped","frame_seconds":0.092}
2026-08-02T07:31:26.823 INFO     [pid=6851 thread=MainThread] BREADCRUMB {"event":"frame_catchup_capped","frame_seconds":0.098}
2026-08-02T07:31:26.913 INFO     [pid=6851 thread=MainThread] BREADCRUMB {"event":"frame_catchup_capped","frame_seconds":0.094}
2026-08-02T07:31:27.040 INFO     [pid=6851 thread=MainThread] BREADCRUMB {"event":"frame_catchup_capped","frame_seconds":0.1}
2026-08-02T07:31:27.141 INFO     [pid=6851 thread=MainThread] BREADCRUMB {"event":"frame_catchup_capped","frame_seconds":0.1}
2026-08-02T07:31:27.234 INFO     [pid=6851 thread=MainThread] BREADCRUMB {"event":"frame_catchup_capped","frame_seconds":0.096}
2026-08-02T07:31:27.327 INFO     [pid=6851 thread=MainThread] BREADCRUMB {"event":"frame_catchup_capped","frame_seconds":0.094}
2026-08-02T07:31:27.419 INFO     [pid=6851 thread=MainThread] BREADCRUMB {"event":"frame_catchup_capped","frame_seconds":0.09}
2026-08-02T07:31:27.514 INFO     [pid=6851 thread=MainThread] BREADCRUMB {"event":"frame_catchup_capped","frame_seconds":0.094}
2026-08-02T07:31:27.624 INFO     [pid=6851 thread=MainThread] BREADCRUMB {"event":"frame_catchup_capped","frame_seconds":0.1}
2026-08-02T07:31:27.729 INFO     [pid=6851 thread=MainThread] BREADCRUMB {"event":"frame_catchup_capped","frame_seconds":0.1}
2026-08-02T07:31:27.846 INFO     [pid=6851 thread=MainThread] BREADCRUMB {"event":"frame_catchup_capped","frame_seconds":0.1}
2026-08-02T07:31:27.946 INFO     [pid=6851 thread=MainThread] BREADCRUMB {"event":"frame_catchup_capped","frame_seconds":0.1}
2026-08-02T07:31:28.033 INFO     [pid=6851 thread=MainThread] BREADCRUMB {"event":"frame_catchup_capped","frame_seconds":0.093}
2026-08-02T07:31:28.129 INFO     [pid=6851 thread=MainThread] BREADCRUMB {"event":"frame_catchup_capped","frame_seconds":0.088}
2026-08-02T07:31:28.216 INFO     [pid=6851 thread=MainThread] BREADCRUMB {"event":"frame_catchup_capped","frame_seconds":0.088}
2026-08-02T07:31:28.307 INFO     [pid=6851 thread=MainThread] BREADCRUMB {"event":"frame_catchup_capped","frame_seconds":0.088}
2026-08-02T07:31:28.412 INFO     [pid=6851 thread=MainThread] BREADCRUMB {"event":"frame_catchup_capped","frame_seconds":0.097}
2026-08-02T07:31:28.525 INFO     [pid=6851 thread=MainThread] BREADCRUMB {"event":"frame_catchup_capped","frame_seconds":0.1}
2026-08-02T07:31:28.617 INFO     [pid=6851 thread=MainThread] BREADCRUMB {"event":"frame_catchup_capped","frame_seconds":0.091}
2026-08-02T07:31:28.703 INFO     [pid=6851 thread=MainThread] BREADCRUMB {"event":"frame_catchup_capped","frame_seconds":0.088}
2026-08-02T07:31:28.796 INFO     [pid=6851 thread=MainThread] BREADCRUMB {"event":"frame_catchup_capped","frame_seconds":0.091}
2026-08-02T07:31:28.884 INFO     [pid=6851 thread=MainThread] BREADCRUMB {"event":"frame_catchup_capped","frame_seconds":0.086}
2026-08-02T07:31:28.989 INFO     [pid=6851 thread=MainThread] BREADCRUMB {"event":"frame_catchup_capped","frame_seconds":0.099}
2026-08-02T07:31:29.096 INFO     [pid=6851 thread=MainThread] BREADCRUMB {"event":"frame_catchup_capped","frame_seconds":0.1}
2026-08-02T07:31:29.206 INFO     [pid=6851 thread=MainThread] BREADCRUMB {"event":"frame_catchup_capped","frame_seconds":0.1}
2026-08-02T07:31:29.301 INFO     [pid=6851 thread=MainThread] BREADCRUMB {"event":"frame_catchup_capped","frame_seconds":0.094}
2026-08-02T07:31:29.391 INFO     [pid=6851 thread=MainThread] BREADCRUMB {"event":"frame_catchup_capped","frame_seconds":0.092}
2026-08-02T07:31:29.488 INFO     [pid=6851 thread=MainThread] BREADCRUMB {"event":"frame_catchup_capped","frame_seconds":0.094}
2026-08-02T07:31:29.594 INFO     [pid=6851 thread=MainThread] BREADCRUMB {"event":"frame_catchup_capped","frame_seconds":0.098}
2026-08-02T07:31:29.698 INFO     [pid=6851 thread=MainThread] BREADCRUMB {"event":"frame_catchup_capped","frame_seconds":0.1}
2026-08-02T07:31:29.805 INFO     [pid=6851 thread=MainThread] BREADCRUMB {"event":"frame_catchup_capped","frame_seconds":0.095}
2026-08-02T07:31:29.920 INFO     [pid=6851 thread=MainThread] BREADCRUMB {"event":"frame_catchup_capped","frame_seconds":0.1}
2026-08-02T07:31:30.013 INFO     [pid=6851 thread=MainThread] BREADCRUMB {"event":"frame_catchup_capped","frame_seconds":0.098}
2026-08-02T07:31:30.096 INFO     [pid=6851 thread=MainThread] BREADCRUMB {"event":"frame_catchup_capped","frame_seconds":0.086}
2026-08-02T07:31:30.264 INFO     [pid=6851 thread=MainThread] BREADCRUMB {"event":"frame_catchup_capped","frame_seconds":0.085}
2026-08-02T07:31:30.359 INFO     [pid=6851 thread=MainThread] BREADCRUMB {"event":"frame_catchup_capped","frame_seconds":0.088}
2026-08-02T07:31:30.453 INFO     [pid=6851 thread=MainThread] BREADCRUMB {"event":"frame_catchup_capped","frame_seconds":0.097}
2026-08-02T07:31:30.575 INFO     [pid=6851 thread=MainThread] BREADCRUMB {"event":"frame_catchup_capped","frame_seconds":0.1}
2026-08-02T07:31:30.668 INFO     [pid=6851 thread=MainThread] BREADCRUMB {"event":"frame_catchup_capped","frame_seconds":0.093}
2026-08-02T07:31:30.757 INFO     [pid=6851 thread=MainThread] BREADCRUMB {"event":"frame_catchup_capped","frame_seconds":0.09}
2026-08-02T07:31:30.855 INFO     [pid=6851 thread=MainThread] BREADCRUMB {"event":"frame_catchup_capped","frame_seconds":0.096}
2026-08-02T07:31:30.956 INFO     [pid=6851 thread=MainThread] BREADCRUMB {"event":"frame_catchup_capped","frame_seconds":0.099}
2026-08-02T07:31:31.062 INFO     [pid=6851 thread=MainThread] BREADCRUMB {"event":"frame_catchup_capped","frame_seconds":0.1}
2026-08-02T07:31:31.185 INFO     [pid=6851 thread=MainThread] BREADCRUMB {"event":"frame_catchup_capped","frame_seconds":0.1}
2026-08-02T07:31:31.334 INFO     [pid=6851 thread=MainThread] BREADCRUMB {"event":"frame_catchup_capped","frame_seconds":0.1}
2026-08-02T07:31:31.443 INFO     [pid=6851 thread=MainThread] BREADCRUMB {"event":"frame_catchup_capped","frame_seconds":0.1}
2026-08-02T07:31:31.538 INFO     [pid=6851 thread=MainThread] BREADCRUMB {"event":"frame_catchup_capped","frame_seconds":0.098}
2026-08-02T07:31:31.631 INFO     [pid=6851 thread=MainThread] BREADCRUMB {"event":"frame_catchup_capped","frame_seconds":0.095}
2026-08-02T07:31:31.727 INFO     [pid=6851 thread=MainThread] BREADCRUMB {"event":"frame_catchup_capped","frame_seconds":0.096}
2026-08-02T07:31:31.824 INFO     [pid=6851 thread=MainThread] BREADCRUMB {"event":"frame_catchup_capped","frame_seconds":0.094}
2026-08-02T07:31:31.926 INFO     [pid=6851 thread=MainThread] BREADCRUMB {"event":"frame_catchup_capped","frame_seconds":0.1}
2026-08-02T07:31:32.053 INFO     [pid=6851 thread=MainThread] BREADCRUMB {"event":"frame_catchup_capped","frame_seconds":0.1}
2026-08-02T07:31:32.148 INFO     [pid=6851 thread=MainThread] BREADCRUMB {"event":"frame_catchup_capped","frame_seconds":0.1}
2026-08-02T07:31:32.248 INFO     [pid=6851 thread=MainThread] BREADCRUMB {"event":"frame_catchup_capped","frame_seconds":0.095}
2026-08-02T07:31:32.348 INFO     [pid=6851 thread=MainThread] BREADCRUMB {"event":"frame_catchup_capped","frame_seconds":0.1}
2026-08-02T07:31:32.434 INFO     [pid=6851 thread=MainThread] BREADCRUMB {"event":"frame_catchup_capped","frame_seconds":0.087}
2026-08-02T07:31:32.519 INFO     [pid=6851 thread=MainThread] BREADCRUMB {"event":"frame_catchup_capped","frame_seconds":0.086}
2026-08-02T07:31:32.603 INFO     [pid=6851 thread=MainThread] BREADCRUMB {"event":"frame_catchup_capped","frame_seconds":0.086}
2026-08-02T07:31:32.729 INFO     [pid=6851 thread=MainThread] BREADCRUMB {"event":"frame_catchup_capped","frame_seconds":0.1}
2026-08-02T07:31:32.821 INFO     [pid=6851 thread=MainThread] BREADCRUMB {"event":"frame_catchup_capped","frame_seconds":0.1}
2026-08-02T07:31:32.924 INFO     [pid=6851 thread=MainThread] BREADCRUMB {"event":"frame_catchup_capped","frame_seconds":0.099}
2026-08-02T07:31:33.030 INFO     [pid=6851 thread=MainThread] BREADCRUMB {"event":"frame_catchup_capped","frame_seconds":0.1}
2026-08-02T07:31:33.128 INFO     [pid=6851 thread=MainThread] BREADCRUMB {"event":"frame_catchup_capped","frame_seconds":0.1}
2026-08-02T07:31:33.223 INFO     [pid=6851 thread=MainThread] BREADCRUMB {"event":"frame_catchup_capped","frame_seconds":0.093}
2026-08-02T07:31:33.330 INFO     [pid=6851 thread=MainThread] BREADCRUMB {"event":"frame_catchup_capped","frame_seconds":0.1}
2026-08-02T07:31:33.441 INFO     [pid=6851 thread=MainThread] BREADCRUMB {"event":"frame_catchup_capped","frame_seconds":0.1}
2026-08-02T07:31:33.529 INFO     [pid=6851 thread=MainThread] BREADCRUMB {"event":"frame_catchup_capped","frame_seconds":0.092}
2026-08-02T07:31:33.625 INFO     [pid=6851 thread=MainThread] BREADCRUMB {"event":"frame_catchup_capped","frame_seconds":0.091}
2026-08-02T07:31:33.737 INFO     [pid=6851 thread=MainThread] BREADCRUMB {"event":"frame_catchup_capped","frame_seconds":0.1}
2026-08-02T07:31:33.869 INFO     [pid=6851 thread=MainThread] BREADCRUMB {"event":"frame_catchup_capped","frame_seconds":0.1}
2026-08-02T07:31:33.974 INFO     [pid=6851 thread=MainThread] BREADCRUMB {"event":"frame_catchup_capped","frame_seconds":0.1}
2026-08-02T07:31:34.072 INFO     [pid=6851 thread=MainThread] BREADCRUMB {"event":"frame_catchup_capped","frame_seconds":0.096}
2026-08-02T07:31:34.202 INFO     [pid=6851 thread=MainThread] BREADCRUMB {"event":"frame_catchup_capped","frame_seconds":0.1}
2026-08-02T07:31:34.312 INFO     [pid=6851 thread=MainThread] BREADCRUMB {"event":"frame_catchup_capped","frame_seconds":0.1}
2026-08-02T07:31:34.411 INFO     [pid=6851 thread=MainThread] BREADCRUMB {"event":"frame_catchup_capped","frame_seconds":0.1}
2026-08-02T07:31:34.506 INFO     [pid=6851 thread=MainThread] BREADCRUMB {"event":"frame_catchup_capped","frame_seconds":0.095}
2026-08-02T07:31:34.607 INFO     [pid=6851 thread=MainThread] BREADCRUMB {"event":"frame_catchup_capped","frame_seconds":0.1}
2026-08-02T07:31:34.710 INFO     [pid=6851 thread=MainThread] BREADCRUMB {"event":"frame_catchup_capped","frame_seconds":0.1}
2026-08-02T07:31:34.816 INFO     [pid=6851 thread=MainThread] BREADCRUMB {"event":"frame_catchup_capped","frame_seconds":0.1}
2026-08-02T07:31:34.928 INFO     [pid=6851 thread=MainThread] BREADCRUMB {"event":"frame_catchup_capped","frame_seconds":0.1}
2026-08-02T07:31:35.062 INFO     [pid=6851 thread=MainThread] BREADCRUMB {"event":"frame_catchup_capped","frame_seconds":0.1}
2026-08-02T07:31:35.163 INFO     [pid=6851 thread=MainThread] BREADCRUMB {"event":"frame_catchup_capped","frame_seconds":0.1}
2026-08-02T07:31:35.263 INFO     [pid=6851 thread=MainThread] BREADCRUMB {"event":"frame_catchup_capped","frame_seconds":0.099}
2026-08-02T07:31:35.361 INFO     [pid=6851 thread=MainThread] BREADCRUMB {"event":"frame_catchup_capped","frame_seconds":0.1}
2026-08-02T07:31:35.459 INFO     [pid=6851 thread=MainThread] BREADCRUMB {"event":"frame_catchup_capped","frame_seconds":0.091}
2026-08-02T07:31:35.545 INFO     [pid=6851 thread=MainThread] BREADCRUMB {"event":"frame_catchup_capped","frame_seconds":0.094}
2026-08-02T07:31:35.638 INFO     [pid=6851 thread=MainThread] BREADCRUMB {"event":"frame_catchup_capped","frame_seconds":0.088}
2026-08-02T07:31:35.752 INFO     [pid=6851 thread=MainThread] BREADCRUMB {"event":"frame_catchup_capped","frame_seconds":0.099}
2026-08-02T07:31:35.859 INFO     [pid=6851 thread=MainThread] BREADCRUMB {"event":"frame_catchup_capped","frame_seconds":0.1}
2026-08-02T07:31:35.972 INFO     [pid=6851 thread=MainThread] BREADCRUMB {"event":"frame_catchup_capped","frame_seconds":0.1}
2026-08-02T07:31:36.063 INFO     [pid=6851 thread=MainThread] BREADCRUMB {"event":"frame_catchup_capped","frame_seconds":0.1}
2026-08-02T07:31:36.166 INFO     [pid=6851 thread=MainThread] BREADCRUMB {"event":"frame_catchup_capped","frame_seconds":0.099}
2026-08-02T07:31:36.282 INFO     [pid=6851 thread=MainThread] BREADCRUMB {"event":"frame_catchup_capped","frame_seconds":0.1}
2026-08-02T07:31:36.388 INFO     [pid=6851 thread=MainThread] BREADCRUMB {"event":"frame_catchup_capped","frame_seconds":0.1}
2026-08-02T07:31:36.484 INFO     [pid=6851 thread=MainThread] BREADCRUMB {"event":"frame_catchup_capped","frame_seconds":0.097}
2026-08-02T07:31:36.612 INFO     [pid=6851 thread=MainThread] BREADCRUMB {"event":"frame_catchup_capped","frame_seconds":0.1}
2026-08-02T07:31:36.709 INFO     [pid=6851 thread=MainThread] BREADCRUMB {"event":"frame_catchup_capped","frame_seconds":0.1}
2026-08-02T07:31:36.821 INFO     [pid=6851 thread=MainThread] BREADCRUMB {"event":"frame_catchup_capped","frame_seconds":0.1}
2026-08-02T07:31:36.928 INFO     [pid=6851 thread=MainThread] BREADCRUMB {"event":"frame_catchup_capped","frame_seconds":0.1}
2026-08-02T07:31:37.038 INFO     [pid=6851 thread=MainThread] BREADCRUMB {"event":"frame_catchup_capped","frame_seconds":0.1}
2026-08-02T07:31:37.136 INFO     [pid=6851 thread=MainThread] BREADCRUMB {"event":"frame_catchup_capped","frame_seconds":0.098}
2026-08-02T07:31:37.232 INFO     [pid=6851 thread=MainThread] BREADCRUMB {"event":"frame_catchup_capped","frame_seconds":0.1}
2026-08-02T07:31:37.348 INFO     [pid=6851 thread=MainThread] BREADCRUMB {"event":"frame_catchup_capped","frame_seconds":0.1}
2026-08-02T07:31:37.432 INFO     [pid=6851 thread=MainThread] BREADCRUMB {"event":"frame_catchup_capped","frame_seconds":0.094}
2026-08-02T07:31:37.532 INFO     [pid=6851 thread=MainThread] BREADCRUMB {"event":"frame_catchup_capped","frame_seconds":0.093}
2026-08-02T07:31:37.626 INFO     [pid=6851 thread=MainThread] BREADCRUMB {"event":"frame_catchup_capped","frame_seconds":0.096}
2026-08-02T07:31:37.730 INFO     [pid=6851 thread=MainThread] BREADCRUMB {"event":"frame_catchup_capped","frame_seconds":0.1}
2026-08-02T07:31:37.841 INFO     [pid=6851 thread=MainThread] BREADCRUMB {"event":"frame_catchup_capped","frame_seconds":0.1}
2026-08-02T07:31:37.936 INFO     [pid=6851 thread=MainThread] BREADCRUMB {"event":"frame_catchup_capped","frame_seconds":0.1}
2026-08-02T07:31:38.033 INFO     [pid=6851 thread=MainThread] BREADCRUMB {"event":"frame_catchup_capped","frame_seconds":0.097}
2026-08-02T07:31:38.145 INFO     [pid=6851 thread=MainThread] BREADCRUMB {"event":"frame_catchup_capped","frame_seconds":0.1}
2026-08-02T07:31:38.249 INFO     [pid=6851 thread=MainThread] BREADCRUMB {"event":"frame_catchup_capped","frame_seconds":0.099}
2026-08-02T07:31:38.356 INFO     [pid=6851 thread=MainThread] BREADCRUMB {"event":"frame_catchup_capped","frame_seconds":0.1}
2026-08-02T07:31:38.471 INFO     [pid=6851 thread=MainThread] BREADCRUMB {"event":"frame_catchup_capped","frame_seconds":0.1}
2026-08-02T07:31:38.576 INFO     [pid=6851 thread=MainThread] BREADCRUMB {"event":"frame_catchup_capped","frame_seconds":0.1}
2026-08-02T07:31:38.697 INFO     [pid=6851 thread=MainThread] BREADCRUMB {"event":"frame_catchup_capped","frame_seconds":0.1}
2026-08-02T07:31:38.835 INFO     [pid=6851 thread=MainThread] BREADCRUMB {"event":"frame_catchup_capped","frame_seconds":0.1}
2026-08-02T07:31:38.954 INFO     [pid=6851 thread=MainThread] BREADCRUMB {"event":"frame_catchup_capped","frame_seconds":0.1}
2026-08-02T07:31:39.069 INFO     [pid=6851 thread=MainThread] BREADCRUMB {"event":"frame_catchup_capped","frame_seconds":0.1}
2026-08-02T07:31:39.181 INFO     [pid=6851 thread=MainThread] BREADCRUMB {"event":"frame_catchup_capped","frame_seconds":0.1}
2026-08-02T07:31:39.306 INFO     [pid=6851 thread=MainThread] BREADCRUMB {"event":"frame_catchup_capped","frame_seconds":0.1}
2026-08-02T07:31:39.412 INFO     [pid=6851 thread=MainThread] BREADCRUMB {"event":"frame_catchup_capped","frame_seconds":0.1}
2026-08-02T07:31:39.519 INFO     [pid=6851 thread=MainThread] BREADCRUMB {"event":"frame_catchup_capped","frame_seconds":0.1}
2026-08-02T07:31:39.633 INFO     [pid=6851 thread=MainThread] BREADCRUMB {"event":"frame_catchup_capped","frame_seconds":0.1}
2026-08-02T07:31:39.744 INFO     [pid=6851 thread=MainThread] BREADCRUMB {"event":"frame_catchup_capped","frame_seconds":0.1}
2026-08-02T07:31:39.861 INFO     [pid=6851 thread=MainThread] BREADCRUMB {"event":"frame_catchup_capped","frame_seconds":0.1}
2026-08-02T07:31:40.013 INFO     [pid=6851 thread=MainThread] BREADCRUMB {"event":"frame_catchup_capped","frame_seconds":0.1}
2026-08-02T07:31:40.152 INFO     [pid=6851 thread=MainThread] BREADCRUMB {"event":"frame_catchup_capped","frame_seconds":0.1}
2026-08-02T07:31:40.317 INFO     [pid=6851 thread=MainThread] BREADCRUMB {"event":"frame_catchup_capped","frame_seconds":0.1}
2026-08-02T07:31:40.473 INFO     [pid=6851 thread=MainThread] BREADCRUMB {"event":"frame_catchup_capped","frame_seconds":0.1}
2026-08-02T07:31:40.607 INFO     [pid=6851 thread=MainThread] BREADCRUMB {"event":"frame_catchup_capped","frame_seconds":0.1}
2026-08-02T07:31:40.746 INFO     [pid=6851 thread=MainThread] BREADCRUMB {"event":"frame_catchup_capped","frame_seconds":0.1}
2026-08-02T07:31:40.927 INFO     [pid=6851 thread=MainThread] BREADCRUMB {"event":"frame_catchup_capped","frame_seconds":0.1}
2026-08-02T07:31:41.080 INFO     [pid=6851 thread=MainThread] BREADCRUMB {"event":"frame_catchup_capped","frame_seconds":0.1}
2026-08-02T07:31:41.238 INFO     [pid=6851 thread=MainThread] BREADCRUMB {"event":"frame_catchup_capped","frame_seconds":0.1}
2026-08-02T07:31:41.379 INFO     [pid=6851 thread=MainThread] BREADCRUMB {"event":"frame_catchup_capped","frame_seconds":0.1}
2026-08-02T07:31:41.514 INFO     [pid=6851 thread=MainThread] BREADCRUMB {"event":"frame_catchup_capped","frame_seconds":0.1}
2026-08-02T07:31:41.647 INFO     [pid=6851 thread=MainThread] BREADCRUMB {"event":"frame_catchup_capped","frame_seconds":0.1}
2026-08-02T07:31:41.763 INFO     [pid=6851 thread=MainThread] BREADCRUMB {"event":"frame_catchup_capped","frame_seconds":0.1}
2026-08-02T07:31:41.925 INFO     [pid=6851 thread=MainThread] BREADCRUMB {"event":"frame_catchup_capped","frame_seconds":0.1}
2026-08-02T07:31:42.093 INFO     [pid=6851 thread=MainThread] BREADCRUMB {"event":"frame_catchup_capped","frame_seconds":0.1}
2026-08-02T07:31:42.211 INFO     [pid=6851 thread=MainThread] BREADCRUMB {"event":"frame_catchup_capped","frame_seconds":0.1}
2026-08-02T07:31:42.332 INFO     [pid=6851 thread=MainThread] BREADCRUMB {"event":"frame_catchup_capped","frame_seconds":0.1}
2026-08-02T07:31:42.469 INFO     [pid=6851 thread=MainThread] BREADCRUMB {"event":"frame_catchup_capped","frame_seconds":0.1}
2026-08-02T07:31:42.598 INFO     [pid=6851 thread=MainThread] BREADCRUMB {"event":"frame_catchup_capped","frame_seconds":0.1}
2026-08-02T07:31:42.740 INFO     [pid=6851 thread=MainThread] BREADCRUMB {"event":"frame_catchup_capped","frame_seconds":0.1}
2026-08-02T07:31:42.864 INFO     [pid=6851 thread=MainThread] BREADCRUMB {"event":"frame_catchup_capped","frame_seconds":0.1}
2026-08-02T07:31:42.977 INFO     [pid=6851 thread=MainThread] BREADCRUMB {"event":"frame_catchup_capped","frame_seconds":0.1}
2026-08-02T07:31:43.112 INFO     [pid=6851 thread=MainThread] BREADCRUMB {"event":"frame_catchup_capped","frame_seconds":0.1}
2026-08-02T07:31:43.265 INFO     [pid=6851 thread=MainThread] BREADCRUMB {"event":"frame_catchup_capped","frame_seconds":0.1}
2026-08-02T07:31:43.410 INFO     [pid=6851 thread=MainThread] BREADCRUMB {"event":"frame_catchup_capped","frame_seconds":0.1}
2026-08-02T07:31:43.522 INFO     [pid=6851 thread=MainThread] BREADCRUMB {"event":"frame_catchup_capped","frame_seconds":0.1}
2026-08-02T07:31:43.633 INFO     [pid=6851 thread=MainThread] BREADCRUMB {"event":"frame_catchup_capped","frame_seconds":0.1}
2026-08-02T07:31:43.740 INFO     [pid=6851 thread=MainThread] BREADCRUMB {"event":"frame_catchup_capped","frame_seconds":0.1}
2026-08-02T07:31:43.838 INFO     [pid=6851 thread=MainThread] BREADCRUMB {"event":"frame_catchup_capped","frame_seconds":0.096}
2026-08-02T07:31:43.960 INFO     [pid=6851 thread=MainThread] BREADCRUMB {"event":"frame_catchup_capped","frame_seconds":0.1}
2026-08-02T07:31:44.102 INFO     [pid=6851 thread=MainThread] BREADCRUMB {"event":"frame_catchup_capped","frame_seconds":0.1}
2026-08-02T07:31:44.253 INFO     [pid=6851 thread=MainThread] BREADCRUMB {"event":"frame_catchup_capped","frame_seconds":0.1}
2026-08-02T07:31:44.381 INFO     [pid=6851 thread=MainThread] BREADCRUMB {"event":"frame_catchup_capped","frame_seconds":0.1}
2026-08-02T07:31:44.509 INFO     [pid=6851 thread=MainThread] BREADCRUMB {"event":"frame_catchup_capped","frame_seconds":0.1}
2026-08-02T07:31:44.676 INFO     [pid=6851 thread=MainThread] BREADCRUMB {"event":"frame_catchup_capped","frame_seconds":0.1}
2026-08-02T07:31:44.872 INFO     [pid=6851 thread=MainThread] BREADCRUMB {"event":"frame_catchup_capped","frame_seconds":0.1}
2026-08-02T07:31:45.000 INFO     [pid=6851 thread=MainThread] BREADCRUMB {"event":"frame_catchup_capped","frame_seconds":0.1}
2026-08-02T07:31:45.147 INFO     [pid=6851 thread=MainThread] BREADCRUMB {"event":"frame_catchup_capped","frame_seconds":0.1}
2026-08-02T07:31:45.278 INFO     [pid=6851 thread=MainThread] BREADCRUMB {"event":"frame_catchup_capped","frame_seconds":0.1}
2026-08-02T07:31:45.390 INFO     [pid=6851 thread=MainThread] BREADCRUMB {"event":"frame_catchup_capped","frame_seconds":0.1}
2026-08-02T07:31:45.484 INFO     [pid=6851 thread=MainThread] BREADCRUMB {"event":"frame_catchup_capped","frame_seconds":0.095}
2026-08-02T07:31:45.612 INFO     [pid=6851 thread=MainThread] BREADCRUMB {"event":"frame_catchup_capped","frame_seconds":0.1}
2026-08-02T07:31:45.730 INFO     [pid=6851 thread=MainThread] BREADCRUMB {"event":"frame_catchup_capped","frame_seconds":0.1}
2026-08-02T07:31:45.879 INFO     [pid=6851 thread=MainThread] BREADCRUMB {"event":"frame_catchup_capped","frame_seconds":0.1}
2026-08-02T07:31:45.998 INFO     [pid=6851 thread=MainThread] BREADCRUMB {"event":"frame_catchup_capped","frame_seconds":0.1}
2026-08-02T07:31:46.112 INFO     [pid=6851 thread=MainThread] BREADCRUMB {"event":"frame_catchup_capped","frame_seconds":0.1}
2026-08-02T07:31:46.202 INFO     [pid=6851 thread=MainThread] BREADCRUMB {"event":"frame_catchup_capped","frame_seconds":0.1}
2026-08-02T07:31:46.321 INFO     [pid=6851 thread=MainThread] BREADCRUMB {"event":"frame_catchup_capped","frame_seconds":0.1}
2026-08-02T07:31:46.418 INFO     [pid=6851 thread=MainThread] BREADCRUMB {"event":"frame_catchup_capped","frame_seconds":0.1}
2026-08-02T07:31:46.514 INFO     [pid=6851 thread=MainThread] BREADCRUMB {"event":"frame_catchup_capped","frame_seconds":0.097}
2026-08-02T07:31:46.634 INFO     [pid=6851 thread=MainThread] BREADCRUMB {"event":"frame_catchup_capped","frame_seconds":0.1}
2026-08-02T07:31:46.717 INFO     [pid=6851 thread=MainThread] BREADCRUMB {"event":"frame_catchup_capped","frame_seconds":0.09}
2026-08-02T07:31:46.815 INFO     [pid=6851 thread=MainThread] BREADCRUMB {"event":"frame_catchup_capped","frame_seconds":0.093}
2026-08-02T07:31:46.911 INFO     [pid=6851 thread=MainThread] BREADCRUMB {"event":"frame_catchup_capped","frame_seconds":0.094}
2026-08-02T07:31:47.023 INFO     [pid=6851 thread=MainThread] BREADCRUMB {"event":"frame_catchup_capped","frame_seconds":0.1}
2026-08-02T07:31:47.129 INFO     [pid=6851 thread=MainThread] BREADCRUMB {"event":"frame_catchup_capped","frame_seconds":0.1}
2026-08-02T07:31:47.233 INFO     [pid=6851 thread=MainThread] BREADCRUMB {"event":"frame_catchup_capped","frame_seconds":0.1}
2026-08-02T07:31:47.339 INFO     [pid=6851 thread=MainThread] BREADCRUMB {"event":"frame_catchup_capped","frame_seconds":0.1}
2026-08-02T07:31:47.423 INFO     [pid=6851 thread=MainThread] BREADCRUMB {"event":"frame_catchup_capped","frame_seconds":0.085}
2026-08-02T07:31:47.512 INFO     [pid=6851 thread=MainThread] BREADCRUMB {"event":"frame_catchup_capped","frame_seconds":0.084}
2026-08-02T07:31:47.616 INFO     [pid=6851 thread=MainThread] BREADCRUMB {"event":"frame_catchup_capped","frame_seconds":0.095}
2026-08-02T07:31:47.709 INFO     [pid=6851 thread=MainThread] BREADCRUMB {"event":"frame_catchup_capped","frame_seconds":0.1}
2026-08-02T07:31:47.805 INFO     [pid=6851 thread=MainThread] BREADCRUMB {"event":"frame_catchup_capped","frame_seconds":0.094}
2026-08-02T07:31:47.894 INFO     [pid=6851 thread=MainThread] BREADCRUMB {"event":"frame_catchup_capped","frame_seconds":0.091}
2026-08-02T07:31:48.018 INFO     [pid=6851 thread=MainThread] BREADCRUMB {"event":"frame_catchup_capped","frame_seconds":0.1}
2026-08-02T07:31:48.118 INFO     [pid=6851 thread=MainThread] BREADCRUMB {"event":"frame_catchup_capped","frame_seconds":0.1}
2026-08-02T07:31:48.228 INFO     [pid=6851 thread=MainThread] BREADCRUMB {"event":"frame_catchup_capped","frame_seconds":0.1}
2026-08-02T07:31:48.324 INFO     [pid=6851 thread=MainThread] BREADCRUMB {"event":"frame_catchup_capped","frame_seconds":0.1}
2026-08-02T07:31:48.421 INFO     [pid=6851 thread=MainThread] BREADCRUMB {"event":"frame_catchup_capped","frame_seconds":0.093}
2026-08-02T07:31:48.508 INFO     [pid=6851 thread=MainThread] BREADCRUMB {"event":"frame_catchup_capped","frame_seconds":0.091}
2026-08-02T07:31:48.603 INFO     [pid=6851 thread=MainThread] BREADCRUMB {"event":"frame_catchup_capped","frame_seconds":0.089}
2026-08-02T07:31:48.716 INFO     [pid=6851 thread=MainThread] BREADCRUMB {"event":"frame_catchup_capped","frame_seconds":0.099}
2026-08-02T07:31:48.808 INFO     [pid=6851 thread=MainThread] BREADCRUMB {"event":"frame_catchup_capped","frame_seconds":0.1}
2026-08-02T07:31:48.898 INFO     [pid=6851 thread=MainThread] BREADCRUMB {"event":"frame_catchup_capped","frame_seconds":0.09}
2026-08-02T07:31:48.987 INFO     [pid=6851 thread=MainThread] BREADCRUMB {"event":"frame_catchup_capped","frame_seconds":0.091}
2026-08-02T07:31:49.084 INFO     [pid=6851 thread=MainThread] BREADCRUMB {"event":"frame_catchup_capped","frame_seconds":0.094}
2026-08-02T07:31:49.179 INFO     [pid=6851 thread=MainThread] BREADCRUMB {"event":"frame_catchup_capped","frame_seconds":0.097}
2026-08-02T07:31:49.266 INFO     [pid=6851 thread=MainThread] BREADCRUMB {"event":"frame_catchup_capped","frame_seconds":0.089}
2026-08-02T07:31:49.352 INFO     [pid=6851 thread=MainThread] BREADCRUMB {"event":"frame_catchup_capped","frame_seconds":0.088}
2026-08-02T07:31:49.463 INFO     [pid=6851 thread=MainThread] BREADCRUMB {"event":"frame_catchup_capped","frame_seconds":0.1}
2026-08-02T07:31:49.547 INFO     [pid=6851 thread=MainThread] BREADCRUMB {"event":"frame_catchup_capped","frame_seconds":0.084}
2026-08-02T07:31:49.632 INFO     [pid=6851 thread=MainThread] BREADCRUMB {"event":"frame_catchup_capped","frame_seconds":0.086}
2026-08-02T07:31:49.809 INFO     [pid=6851 thread=MainThread] BREADCRUMB {"event":"frame_catchup_capped","frame_seconds":0.083}
2026-08-02T07:31:49.911 INFO     [pid=6851 thread=MainThread] BREADCRUMB {"event":"frame_catchup_capped","frame_seconds":0.1}
2026-08-02T07:31:50.012 INFO     [pid=6851 thread=MainThread] BREADCRUMB {"event":"frame_catchup_capped","frame_seconds":0.1}
2026-08-02T07:31:50.130 INFO     [pid=6851 thread=MainThread] BREADCRUMB {"event":"frame_catchup_capped","frame_seconds":0.1}
2026-08-02T07:31:50.227 INFO     [pid=6851 thread=MainThread] BREADCRUMB {"event":"frame_catchup_capped","frame_seconds":0.1}
2026-08-02T07:31:50.325 INFO     [pid=6851 thread=MainThread] BREADCRUMB {"event":"frame_catchup_capped","frame_seconds":0.091}
2026-08-02T07:31:50.428 INFO     [pid=6851 thread=MainThread] BREADCRUMB {"event":"frame_catchup_capped","frame_seconds":0.099}
2026-08-02T07:31:50.531 INFO     [pid=6851 thread=MainThread] BREADCRUMB {"event":"frame_catchup_capped","frame_seconds":0.1}
2026-08-02T07:31:50.632 INFO     [pid=6851 thread=MainThread] BREADCRUMB {"event":"frame_catchup_capped","frame_seconds":0.1}
2026-08-02T07:31:50.723 INFO     [pid=6851 thread=MainThread] BREADCRUMB {"event":"frame_catchup_capped","frame_seconds":0.091}
2026-08-02T07:31:50.841 INFO     [pid=6851 thread=MainThread] BREADCRUMB {"event":"frame_catchup_capped","frame_seconds":0.1}
2026-08-02T07:31:50.932 INFO     [pid=6851 thread=MainThread] BREADCRUMB {"event":"frame_catchup_capped","frame_seconds":0.1}
2026-08-02T07:31:51.020 INFO     [pid=6851 thread=MainThread] BREADCRUMB {"event":"frame_catchup_capped","frame_seconds":0.085}
2026-08-02T07:31:51.101 INFO     [pid=6851 thread=MainThread] BREADCRUMB {"event":"frame_catchup_capped","frame_seconds":0.084}
2026-08-02T07:31:51.192 INFO     [pid=6851 thread=MainThread] BREADCRUMB {"event":"frame_catchup_capped","frame_seconds":0.091}
2026-08-02T07:31:51.289 INFO     [pid=6851 thread=MainThread] BREADCRUMB {"event":"frame_catchup_capped","frame_seconds":0.091}
2026-08-02T07:31:51.383 INFO     [pid=6851 thread=MainThread] BREADCRUMB {"event":"frame_catchup_capped","frame_seconds":0.095}
2026-08-02T07:31:51.480 INFO     [pid=6851 thread=MainThread] BREADCRUMB {"event":"frame_catchup_capped","frame_seconds":0.098}
2026-08-02T07:31:51.607 INFO     [pid=6851 thread=MainThread] BREADCRUMB {"event":"frame_catchup_capped","frame_seconds":0.1}
2026-08-02T07:31:51.703 INFO     [pid=6851 thread=MainThread] BREADCRUMB {"event":"frame_catchup_capped","frame_seconds":0.1}
2026-08-02T07:31:51.796 INFO     [pid=6851 thread=MainThread] BREADCRUMB {"event":"frame_catchup_capped","frame_seconds":0.094}
2026-08-02T07:31:51.890 INFO     [pid=6851 thread=MainThread] BREADCRUMB {"event":"frame_catchup_capped","frame_seconds":0.097}
2026-08-02T07:31:51.988 INFO     [pid=6851 thread=MainThread] BREADCRUMB {"event":"frame_catchup_capped","frame_seconds":0.097}
2026-08-02T07:31:52.069 INFO     [pid=6851 thread=MainThread] BREADCRUMB {"event":"frame_catchup_capped","frame_seconds":0.084}
2026-08-02T07:31:52.276 INFO     [pid=6851 thread=MainThread] BREADCRUMB {"event":"frame_catchup_capped","frame_seconds":0.099}
2026-08-02T07:31:52.374 INFO     [pid=6851 thread=MainThread] BREADCRUMB {"event":"frame_catchup_capped","frame_seconds":0.1}
2026-08-02T07:31:52.466 INFO     [pid=6851 thread=MainThread] BREADCRUMB {"event":"frame_catchup_capped","frame_seconds":0.093}
2026-08-02T07:31:52.552 INFO     [pid=6851 thread=MainThread] BREADCRUMB {"event":"frame_catchup_capped","frame_seconds":0.09}
2026-08-02T07:31:52.660 INFO     [pid=6851 thread=MainThread] BREADCRUMB {"event":"frame_catchup_capped","frame_seconds":0.097}
2026-08-02T07:31:52.763 INFO     [pid=6851 thread=MainThread] BREADCRUMB {"event":"frame_catchup_capped","frame_seconds":0.1}
2026-08-02T07:31:52.864 INFO     [pid=6851 thread=MainThread] BREADCRUMB {"event":"frame_catchup_capped","frame_seconds":0.1}
2026-08-02T07:31:52.962 INFO     [pid=6851 thread=MainThread] BREADCRUMB {"event":"frame_catchup_capped","frame_seconds":0.1}
2026-08-02T07:31:53.076 INFO     [pid=6851 thread=MainThread] BREADCRUMB {"event":"frame_catchup_capped","frame_seconds":0.1}
2026-08-02T07:31:53.170 INFO     [pid=6851 thread=MainThread] BREADCRUMB {"event":"frame_catchup_capped","frame_seconds":0.096}
2026-08-02T07:31:53.274 INFO     [pid=6851 thread=MainThread] BREADCRUMB {"event":"frame_catchup_capped","frame_seconds":0.1}
2026-08-02T07:31:53.378 INFO     [pid=6851 thread=MainThread] BREADCRUMB {"event":"frame_catchup_capped","frame_seconds":0.1}
2026-08-02T07:31:53.473 INFO     [pid=6851 thread=MainThread] BREADCRUMB {"event":"frame_catchup_capped","frame_seconds":0.1}
2026-08-02T07:31:53.568 INFO     [pid=6851 thread=MainThread] BREADCRUMB {"event":"frame_catchup_capped","frame_seconds":0.092}
2026-08-02T07:31:53.674 INFO     [pid=6851 thread=MainThread] BREADCRUMB {"event":"frame_catchup_capped","frame_seconds":0.096}
2026-08-02T07:31:53.778 INFO     [pid=6851 thread=MainThread] BREADCRUMB {"event":"frame_catchup_capped","frame_seconds":0.1}
2026-08-02T07:31:53.870 INFO     [pid=6851 thread=MainThread] BREADCRUMB {"event":"frame_catchup_capped","frame_seconds":0.095}
2026-08-02T07:31:53.962 INFO     [pid=6851 thread=MainThread] BREADCRUMB {"event":"frame_catchup_capped","frame_seconds":0.093}
2026-08-02T07:31:54.062 INFO     [pid=6851 thread=MainThread] BREADCRUMB {"event":"frame_catchup_capped","frame_seconds":0.095}
2026-08-02T07:31:54.161 INFO     [pid=6851 thread=MainThread] BREADCRUMB {"event":"frame_catchup_capped","frame_seconds":0.1}
2026-08-02T07:31:54.258 INFO     [pid=6851 thread=MainThread] BREADCRUMB {"event":"frame_catchup_capped","frame_seconds":0.097}
2026-08-02T07:31:54.358 INFO     [pid=6851 thread=MainThread] BREADCRUMB {"event":"frame_catchup_capped","frame_seconds":0.095}
2026-08-02T07:31:54.464 INFO     [pid=6851 thread=MainThread] BREADCRUMB {"event":"frame_catchup_capped","frame_seconds":0.1}
2026-08-02T07:31:54.559 INFO     [pid=6851 thread=MainThread] BREADCRUMB {"event":"frame_catchup_capped","frame_seconds":0.095}
2026-08-02T07:31:54.670 INFO     [pid=6851 thread=MainThread] BREADCRUMB {"event":"frame_catchup_capped","frame_seconds":0.1}
2026-08-02T07:31:54.758 INFO     [pid=6851 thread=MainThread] BREADCRUMB {"event":"frame_catchup_capped","frame_seconds":0.098}
2026-08-02T07:31:54.857 INFO     [pid=6851 thread=MainThread] BREADCRUMB {"event":"frame_catchup_capped","frame_seconds":0.092}
2026-08-02T07:31:54.953 INFO     [pid=6851 thread=MainThread] BREADCRUMB {"event":"frame_catchup_capped","frame_seconds":0.1}
2026-08-02T07:31:55.048 INFO     [pid=6851 thread=MainThread] BREADCRUMB {"event":"frame_catchup_capped","frame_seconds":0.096}
2026-08-02T07:31:55.184 INFO     [pid=6851 thread=MainThread] BREADCRUMB {"event":"frame_catchup_capped","frame_seconds":0.1}
2026-08-02T07:31:55.288 INFO     [pid=6851 thread=MainThread] BREADCRUMB {"event":"frame_catchup_capped","frame_seconds":0.1}
2026-08-02T07:31:55.393 INFO     [pid=6851 thread=MainThread] BREADCRUMB {"event":"frame_catchup_capped","frame_seconds":0.1}
2026-08-02T07:31:55.498 INFO     [pid=6851 thread=MainThread] BREADCRUMB {"event":"frame_catchup_capped","frame_seconds":0.1}
2026-08-02T07:31:55.601 INFO     [pid=6851 thread=MainThread] BREADCRUMB {"event":"frame_catchup_capped","frame_seconds":0.1}
2026-08-02T07:31:55.701 INFO     [pid=6851 thread=MainThread] BREADCRUMB {"event":"frame_catchup_capped","frame_seconds":0.096}
2026-08-02T07:31:55.829 INFO     [pid=6851 thread=MainThread] BREADCRUMB {"event":"frame_catchup_capped","frame_seconds":0.1}
2026-08-02T07:31:55.962 INFO     [pid=6851 thread=MainThread] BREADCRUMB {"event":"frame_catchup_capped","frame_seconds":0.1}
