2026-08-02T07:32:44.303 INFO     [pid=7307 thread=MainThread] BREADCRUMB {"event":"session_started","version":"0.15.8-canonical-visual-overhaul-r6","executable":"","packaged":false,"working_directory":"/data/data/com.hughbechainezbyte.thefadesoffate.thefadesoffate/files/app","log_directory":"/data/data/com.hughbechainezbyte.thefadesoffate.thefadesoffate/files/app/logs"}
2026-08-02T07:32:44.305 INFO     [pid=7307 thread=MainThread] BREADCRUMB {"event":"content_update","status":"failed","updated":false,"content_root":"/data/data/com.hughbechainezbyte.thefadesoffate.thefadesoffate/files/the-fades-of-fate/content","local_revision":0,"remote_revision":0,"manifest_path":"/data/data/com.hughbechainezbyte.thefadesoffate.thefadesoffate/files/the-fades-of-fate/content/data/content-manifest.json","reason":"release feed unavailable"}
2026-08-02T07:32:49.043 INFO     [pid=7307 thread=MainThread] BREADCRUMB {"event":"scene_definition_resolved","path":"/data/data/com.hughbechainezbyte.thefadesoffate.thefadesoffate/files/app/data/chapter1_location_lock.json","sha256":"093490ebcc82f191deea619eee3ddf1c80dda1a7bbfce9ef2803d41c4b8a17c7"}
2026-08-02T07:32:49.045 INFO     [pid=7307 thread=MainThread] BREADCRUMB {"event":"level_scene_resolved","schema_version":1,"game_git_commit":"5da9760a569a1e5277d0f3c082f5aa3c095e633b","working_tree_dirty":false,"game_version":"0.15.8-canonical-visual-overhaul-r6","content_git_commit":"5da9760a569a1e5277d0f3c082f5aa3c095e633b","content_revision":77,"content_manifest_hash":"47c8a9e033559682b07b22cc175cec550f68911341eb37bca18b9fa54897f21d","content_manifest_path":"/data/data/com.hughbechainezbyte.thefadesoffate.thefadesoffate/files/app/data/content-manifest.json","build_timestamp":"2026-08-02T07:11:23-07:00","platform":"android","active_level_id":"chapter_1_level_1","scene_definition_path":"data/chapter1_location_lock.json","scene_definition_resolved_path":"/data/data/com.hughbechainezbyte.thefadesoffate.thefadesoffate/files/app/data/chapter1_location_lock.json","scene_definition_sha256":"093490ebcc82f191deea619eee3ddf1c80dda1a7bbfce9ef2803d41c4b8a17c7","active_background_renderer":"src.pixel_art._draw_location_locked_background","canonical_asset_root":"/data/data/com.hughbechainezbyte.thefadesoffate.thefadesoffate/files/app/assets","background_layers":5,"animated_environment_entities":4,"vehicle_variants":4,"fallback_asset_used":false,"cached_asset_used":false,"artifact_match":true,"build_provenance_path":"/data/data/com.hughbechainezbyte.thefadesoffate.thefadesoffate/files/app/build_provenance.json","all_assets_resolved":true,"noncanonical_asset_used":false}
2026-08-02T07:32:49.045 INFO     [pid=7307 thread=MainThread] BREADCRUMB {"event":"scenery_asset_resolved","field":"main_panorama_asset","path":"assets/stage/chapter1_location_locked/ch1_l1_main_v2.png","resolved_path":"/data/data/com.hughbechainezbyte.thefadesoffate.thefadesoffate/files/app/assets/stage/chapter1_location_locked/ch1_l1_main_v2.png","canonical":true,"rendered":true,"sha256":"fc1e69e3b3fc6c635b7a7342cae3b7538c979dcf118a569c693121af95c62316","size":1946732,"resolved":true}
2026-08-02T07:32:49.046 INFO     [pid=7307 thread=MainThread] BREADCRUMB {"event":"scenery_asset_resolved","field":"far_asset","path":"assets/stage/chapter1_location_locked/ch1_l1_far_v2.png","resolved_path":"/data/data/com.hughbechainezbyte.thefadesoffate.thefadesoffate/files/app/assets/stage/chapter1_location_locked/ch1_l1_far_v2.png","canonical":true,"rendered":false,"sha256":"8b7a6b394531f600c5738b92d50834e9e1007d81ad10588a80d3442804a5fdb7","size":17186,"resolved":true}
2026-08-02T07:32:49.047 INFO     [pid=7307 thread=MainThread] BREADCRUMB {"event":"scenery_asset_resolved","field":"near_asset","path":"assets/stage/chapter1_location_locked/ch1_l1_near_v2.png","resolved_path":"/data/data/com.hughbechainezbyte.thefadesoffate.thefadesoffate/files/app/assets/stage/chapter1_location_locked/ch1_l1_near_v2.png","canonical":true,"rendered":false,"sha256":"96e73b6327db67084ac6753174094d60f6d898a530a7f4b2b8e99934ef36ec39","size":6170,"resolved":true}
2026-08-02T07:32:49.047 INFO     [pid=7307 thread=MainThread] BREADCRUMB {"event":"scenery_asset_resolved","field":"far_haze_asset","path":"assets/stage/chapter1_location_locked/ch1_l1_haze_v2.png","resolved_path":"/data/data/com.hughbechainezbyte.thefadesoffate.thefadesoffate/files/app/assets/stage/chapter1_location_locked/ch1_l1_haze_v2.png","canonical":true,"rendered":true,"sha256":"e6a0fe43beeb83223b42c990c1655bfe6d7f367424219190e3c925a0322cca9d","size":8990,"resolved":true}
2026-08-02T07:32:49.048 INFO     [pid=7307 thread=MainThread] BREADCRUMB {"event":"scenery_asset_resolved","field":"far_skyline_asset","path":"assets/stage/chapter1_location_locked/ch1_l1_skyline_v2.png","resolved_path":"/data/data/com.hughbechainezbyte.thefadesoffate.thefadesoffate/files/app/assets/stage/chapter1_location_locked/ch1_l1_skyline_v2.png","canonical":true,"rendered":true,"sha256":"e79a6d62710056c8f539728cd7cde0a047a6514840cc868326e1fad4dfa80b4d","size":11227,"resolved":true}
2026-08-02T07:32:49.048 INFO     [pid=7307 thread=MainThread] BREADCRUMB {"event":"scenery_asset_resolved","field":"architecture_asset","path":"assets/stage/chapter1_location_locked/ch1_l1_architecture_v2.png","resolved_path":"/data/data/com.hughbechainezbyte.thefadesoffate.thefadesoffate/files/app/assets/stage/chapter1_location_locked/ch1_l1_architecture_v2.png","canonical":true,"rendered":false,"sha256":"0c5c8badf21987ed3b323ccae19d7b8e8a3fa42dd1ad5550d07e0e2d7a81f182","size":51665,"resolved":true}
2026-08-02T07:32:49.049 INFO     [pid=7307 thread=MainThread] BREADCRUMB {"event":"scenery_asset_resolved","field":"ground_asset","path":"assets/stage/chapter1_location_locked/ch1_l1_ground_v2.png","resolved_path":"/data/data/com.hughbechainezbyte.thefadesoffate.thefadesoffate/files/app/assets/stage/chapter1_location_locked/ch1_l1_ground_v2.png","canonical":true,"rendered":true,"sha256":"e1ef9b3bf4283bb315d92c5cf498e4825ec5d75e5397c080142e373b39d36414","size":503064,"resolved":true}
2026-08-02T07:32:49.050 INFO     [pid=7307 thread=MainThread] BREADCRUMB {"event":"scenery_asset_resolved","field":"near_occluder_asset","path":"assets/stage/chapter1_location_locked/ch1_l1_near_occluder_v2.png","resolved_path":"/data/data/com.hughbechainezbyte.thefadesoffate.thefadesoffate/files/app/assets/stage/chapter1_location_locked/ch1_l1_near_occluder_v2.png","canonical":true,"rendered":true,"sha256":"96e73b6327db67084ac6753174094d60f6d898a530a7f4b2b8e99934ef36ec39","size":6170,"resolved":true}
2026-08-02T07:32:52.858 INFO     [pid=7307 thread=MainThread] BREADCRUMB {"event":"audio_initialized","mixer":[44100,-16,2],"sfx":["punch","heavy_hit","hit","whoosh","bb_gun","pickup","jump","land","dodge","super","dog","chief_bite","laugh","menu","dave_grunt_1","dave_grunt_2","dave_downed","dave_chief","shelly_grunt_1","shelly_grunt_2","shelly_downed","shelly_chief","enemy_grunt","enemy_downed"],"assets":"/data/data/com.hughbechainezbyte.thefadesoffate.thefadesoffate/files/app/assets/audio"}
2026-08-02T07:32:54.445 INFO     [pid=7307 thread=MainThread] BREADCRUMB {"event":"music_started","filename":"friday_activities_klickaud_menu.ogg","loop":true}
2026-08-02T07:32:54.446 INFO     [pid=7307 thread=MainThread] BREADCRUMB {"event":"menu_music_selected","state":"loading","frame":0,"filename":"friday_activities_klickaud_menu.ogg","started":true}
2026-08-02T07:32:54.447 INFO     [pid=7307 thread=MainThread] BREADCRUMB {"event":"game_created","version":"0.15.8-canonical-visual-overhaul-r6","controllers":[{"instance_id":0,"name":"Android Accelerometer","guid":"05007e98416e64726f69642000000300","axis_count":3,"button_count":0,"hat_count":0,"mapped":false,"synthetic":false}]}
2026-08-02T07:32:54.449 INFO     [pid=7307 thread=MainThread] BREADCRUMB {"event":"main_loop_started","display":[2264,1080],"controllers":[{"instance_id":0,"name":"Android Accelerometer","guid":"05007e98416e64726f69642000000300","axis_count":3,"button_count":0,"hat_count":0,"mapped":false,"synthetic":false}]}
2026-08-02T07:32:54.452 INFO     [pid=7307 thread=MainThread] BREADCRUMB {"event":"frame_catchup_capped","frame_seconds":0.1}
2026-08-02T07:32:54.575 INFO     [pid=7307 thread=MainThread] BREADCRUMB {"event":"frame_catchup_capped","frame_seconds":0.1}
2026-08-02T07:32:56.208 INFO     [pid=7307 thread=MainThread] BREADCRUMB {"event":"title_ready","state":"title","frame":106}
2026-08-02T07:32:56.948 INFO     [pid=7307 thread=MainThread] BREADCRUMB {"event":"frame_catchup_capped","frame_seconds":0.084}
2026-08-02T07:32:57.219 INFO     [pid=7307 thread=MainThread] BREADCRUMB {"event":"player_joined","state":"character_select","frame":164,"player":1,"binding":{"type":"keyboard"}}
2026-08-02T07:32:57.221 INFO     [pid=7307 thread=MainThread] BREADCRUMB {"event":"character_select_opened","state":"character_select","frame":164,"source":"mouse"}
2026-08-02T07:32:57.328 INFO     [pid=7307 thread=MainThread] BREADCRUMB {"event":"frame_catchup_capped","frame_seconds":0.1}
2026-08-02T07:32:57.931 INFO     [pid=7307 thread=MainThread] BREADCRUMB {"event":"frame_catchup_capped","frame_seconds":0.079}
2026-08-02T07:32:58.423 INFO     [pid=7307 thread=MainThread] BREADCRUMB {"event":"frame_catchup_capped","frame_seconds":0.1}
2026-08-02T07:32:58.557 INFO     [pid=7307 thread=MainThread] BREADCRUMB {"event":"frame_catchup_capped","frame_seconds":0.078}
2026-08-02T07:33:00.423 INFO     [pid=7307 thread=MainThread] BREADCRUMB {"event":"character_confirmed","state":"character_select","frame":351,"player":1,"character":"black_dave","source":"mouse"}
2026-08-02T07:33:01.316 INFO     [pid=7307 thread=MainThread] BREADCRUMB {"event":"music_started","filename":"red_2nd_track_stage_8bit.ogg","loop":true}
2026-08-02T07:33:01.317 INFO     [pid=7307 thread=MainThread] BREADCRUMB {"event":"stage_music_selected","state":"gameplay","frame":403,"filename":"red_2nd_track_stage_8bit.ogg","started":true}
2026-08-02T07:33:01.318 INFO     [pid=7307 thread=MainThread] BREADCRUMB {"event":"stage_started","state":"gameplay","frame":403,"stage":"second_street","players":[{"slot":1,"character":"black_dave","binding":{"type":"keyboard"},"cpu":false},{"slot":2,"character":"shelly","binding":{"type":"cpu","instance_id":-2},"cpu":true}]}
2026-08-02T07:33:04.423 INFO     [pid=7307 thread=MainThread] BREADCRUMB {"event":"frame_catchup_capped","frame_seconds":0.1}
2026-08-02T07:33:04.528 INFO     [pid=7307 thread=MainThread] BREADCRUMB {"event":"frame_catchup_capped","frame_seconds":0.1}
2026-08-02T07:33:04.655 INFO     [pid=7307 thread=MainThread] BREADCRUMB {"event":"frame_catchup_capped","frame_seconds":0.1}
2026-08-02T07:33:04.772 INFO     [pid=7307 thread=MainThread] BREADCRUMB {"event":"frame_catchup_capped","frame_seconds":0.1}
2026-08-02T07:33:04.868 INFO     [pid=7307 thread=MainThread] BREADCRUMB {"event":"frame_catchup_capped","frame_seconds":0.1}
2026-08-02T07:33:04.966 INFO     [pid=7307 thread=MainThread] BREADCRUMB {"event":"frame_catchup_capped","frame_seconds":0.096}
2026-08-02T07:33:05.066 INFO     [pid=7307 thread=MainThread] BREADCRUMB {"event":"frame_catchup_capped","frame_seconds":0.098}
2026-08-02T07:33:05.203 INFO     [pid=7307 thread=MainThread] BREADCRUMB {"event":"frame_catchup_capped","frame_seconds":0.1}
2026-08-02T07:33:05.373 INFO     [pid=7307 thread=MainThread] BREADCRUMB {"event":"frame_catchup_capped","frame_seconds":0.1}
2026-08-02T07:33:05.485 INFO     [pid=7307 thread=MainThread] BREADCRUMB {"event":"frame_catchup_capped","frame_seconds":0.1}
2026-08-02T07:33:05.593 INFO     [pid=7307 thread=MainThread] BREADCRUMB {"event":"frame_catchup_capped","frame_seconds":0.1}
2026-08-02T07:33:05.700 INFO     [pid=7307 thread=MainThread] BREADCRUMB {"event":"frame_catchup_capped","frame_seconds":0.1}
2026-08-02T07:33:05.812 INFO     [pid=7307 thread=MainThread] BREADCRUMB {"event":"frame_catchup_capped","frame_seconds":0.1}
2026-08-02T07:33:05.932 INFO     [pid=7307 thread=MainThread] BREADCRUMB {"event":"frame_catchup_capped","frame_seconds":0.1}
2026-08-02T07:33:06.068 INFO     [pid=7307 thread=MainThread] BREADCRUMB {"event":"frame_catchup_capped","frame_seconds":0.1}
2026-08-02T07:33:06.172 INFO     [pid=7307 thread=MainThread] BREADCRUMB {"event":"frame_catchup_capped","frame_seconds":0.1}
2026-08-02T07:33:06.275 INFO     [pid=7307 thread=MainThread] BREADCRUMB {"event":"frame_catchup_capped","frame_seconds":0.1}
2026-08-02T07:33:06.365 INFO     [pid=7307 thread=MainThread] BREADCRUMB {"event":"frame_catchup_capped","frame_seconds":0.093}
2026-08-02T07:33:06.469 INFO     [pid=7307 thread=MainThread] BREADCRUMB {"event":"frame_catchup_capped","frame_seconds":0.097}
2026-08-02T07:33:06.568 INFO     [pid=7307 thread=MainThread] BREADCRUMB {"event":"frame_catchup_capped","frame_seconds":0.097}
2026-08-02T07:33:06.676 INFO     [pid=7307 thread=MainThread] BREADCRUMB {"event":"frame_catchup_capped","frame_seconds":0.1}
2026-08-02T07:33:06.807 INFO     [pid=7307 thread=MainThread] BREADCRUMB {"event":"frame_catchup_capped","frame_seconds":0.1}
2026-08-02T07:33:06.902 INFO     [pid=7307 thread=MainThread] BREADCRUMB {"event":"frame_catchup_capped","frame_seconds":0.1}
2026-08-02T07:33:07.000 INFO     [pid=7307 thread=MainThread] BREADCRUMB {"event":"frame_catchup_capped","frame_seconds":0.091}
2026-08-02T07:33:07.087 INFO     [pid=7307 thread=MainThread] BREADCRUMB {"event":"frame_catchup_capped","frame_seconds":0.086}
2026-08-02T07:33:07.164 INFO     [pid=7307 thread=MainThread] BREADCRUMB {"event":"frame_catchup_capped","frame_seconds":0.084}
2026-08-02T07:33:07.250 INFO     [pid=7307 thread=MainThread] BREADCRUMB {"event":"frame_catchup_capped","frame_seconds":0.084}
2026-08-02T07:33:07.343 INFO     [pid=7307 thread=MainThread] BREADCRUMB {"event":"frame_catchup_capped","frame_seconds":0.087}
2026-08-02T07:33:07.451 INFO     [pid=7307 thread=MainThread] BREADCRUMB {"event":"frame_catchup_capped","frame_seconds":0.1}
2026-08-02T07:33:07.554 INFO     [pid=7307 thread=MainThread] BREADCRUMB {"event":"frame_catchup_capped","frame_seconds":0.1}
2026-08-02T07:33:07.652 INFO     [pid=7307 thread=MainThread] BREADCRUMB {"event":"frame_catchup_capped","frame_seconds":0.1}
2026-08-02T07:33:07.746 INFO     [pid=7307 thread=MainThread] BREADCRUMB {"event":"frame_catchup_capped","frame_seconds":0.09}
2026-08-02T07:33:07.837 INFO     [pid=7307 thread=MainThread] BREADCRUMB {"event":"frame_catchup_capped","frame_seconds":0.097}
2026-08-02T07:33:07.925 INFO     [pid=7307 thread=MainThread] BREADCRUMB {"event":"frame_catchup_capped","frame_seconds":0.089}
2026-08-02T07:33:08.017 INFO     [pid=7307 thread=MainThread] BREADCRUMB {"event":"frame_catchup_capped","frame_seconds":0.091}
2026-08-02T07:33:08.143 INFO     [pid=7307 thread=MainThread] BREADCRUMB {"event":"frame_catchup_capped","frame_seconds":0.099}
2026-08-02T07:33:08.252 INFO     [pid=7307 thread=MainThread] BREADCRUMB {"event":"frame_catchup_capped","frame_seconds":0.1}
2026-08-02T07:33:08.347 INFO     [pid=7307 thread=MainThread] BREADCRUMB {"event":"frame_catchup_capped","frame_seconds":0.094}
2026-08-02T07:33:08.435 INFO     [pid=7307 thread=MainThread] BREADCRUMB {"event":"frame_catchup_capped","frame_seconds":0.09}
2026-08-02T07:33:08.519 INFO     [pid=7307 thread=MainThread] BREADCRUMB {"event":"frame_catchup_capped","frame_seconds":0.089}
2026-08-02T07:33:08.608 INFO     [pid=7307 thread=MainThread] BREADCRUMB {"event":"frame_catchup_capped","frame_seconds":0.09}
2026-08-02T07:33:08.770 INFO     [pid=7307 thread=MainThread] BREADCRUMB {"event":"frame_catchup_capped","frame_seconds":0.078}
2026-08-02T07:33:08.897 INFO     [pid=7307 thread=MainThread] BREADCRUMB {"event":"frame_catchup_capped","frame_seconds":0.1}
2026-08-02T07:33:08.986 INFO     [pid=7307 thread=MainThread] BREADCRUMB {"event":"frame_catchup_capped","frame_seconds":0.093}
2026-08-02T07:33:09.086 INFO     [pid=7307 thread=MainThread] BREADCRUMB {"event":"frame_catchup_capped","frame_seconds":0.1}
2026-08-02T07:33:09.189 INFO     [pid=7307 thread=MainThread] BREADCRUMB {"event":"frame_catchup_capped","frame_seconds":0.093}
2026-08-02T07:33:09.299 INFO     [pid=7307 thread=MainThread] BREADCRUMB {"event":"frame_catchup_capped","frame_seconds":0.1}
2026-08-02T07:33:09.388 INFO     [pid=7307 thread=MainThread] BREADCRUMB {"event":"frame_catchup_capped","frame_seconds":0.095}
2026-08-02T07:33:09.485 INFO     [pid=7307 thread=MainThread] BREADCRUMB {"event":"frame_catchup_capped","frame_seconds":0.095}
2026-08-02T07:33:09.600 INFO     [pid=7307 thread=MainThread] BREADCRUMB {"event":"frame_catchup_capped","frame_seconds":0.1}
2026-08-02T07:33:09.684 INFO     [pid=7307 thread=MainThread] BREADCRUMB {"event":"frame_catchup_capped","frame_seconds":0.092}
2026-08-02T07:33:09.871 INFO     [pid=7307 thread=MainThread] BREADCRUMB {"event":"frame_catchup_capped","frame_seconds":0.096}
2026-08-02T07:33:09.991 INFO     [pid=7307 thread=MainThread] BREADCRUMB {"event":"frame_catchup_capped","frame_seconds":0.1}
2026-08-02T07:33:10.088 INFO     [pid=7307 thread=MainThread] BREADCRUMB {"event":"frame_catchup_capped","frame_seconds":0.1}
2026-08-02T07:33:10.185 INFO     [pid=7307 thread=MainThread] BREADCRUMB {"event":"frame_catchup_capped","frame_seconds":0.1}
2026-08-02T07:33:10.302 INFO     [pid=7307 thread=MainThread] BREADCRUMB {"event":"frame_catchup_capped","frame_seconds":0.1}
2026-08-02T07:33:10.418 INFO     [pid=7307 thread=MainThread] BREADCRUMB {"event":"frame_catchup_capped","frame_seconds":0.1}
2026-08-02T07:33:10.533 INFO     [pid=7307 thread=MainThread] BREADCRUMB {"event":"frame_catchup_capped","frame_seconds":0.1}
2026-08-02T07:33:10.634 INFO     [pid=7307 thread=MainThread] BREADCRUMB {"event":"frame_catchup_capped","frame_seconds":0.1}
2026-08-02T07:33:10.732 INFO     [pid=7307 thread=MainThread] BREADCRUMB {"event":"frame_catchup_capped","frame_seconds":0.098}
2026-08-02T07:33:10.837 INFO     [pid=7307 thread=MainThread] BREADCRUMB {"event":"frame_catchup_capped","frame_seconds":0.1}
2026-08-02T07:33:10.938 INFO     [pid=7307 thread=MainThread] BREADCRUMB {"event":"frame_catchup_capped","frame_seconds":0.1}
2026-08-02T07:33:11.080 INFO     [pid=7307 thread=MainThread] BREADCRUMB {"event":"frame_catchup_capped","frame_seconds":0.1}
2026-08-02T07:33:11.181 INFO     [pid=7307 thread=MainThread] BREADCRUMB {"event":"frame_catchup_capped","frame_seconds":0.1}
2026-08-02T07:33:11.286 INFO     [pid=7307 thread=MainThread] BREADCRUMB {"event":"frame_catchup_capped","frame_seconds":0.1}
2026-08-02T07:33:11.372 INFO     [pid=7307 thread=MainThread] BREADCRUMB {"event":"frame_catchup_capped","frame_seconds":0.09}
2026-08-02T07:33:11.466 INFO     [pid=7307 thread=MainThread] BREADCRUMB {"event":"frame_catchup_capped","frame_seconds":0.099}
2026-08-02T07:33:11.632 INFO     [pid=7307 thread=MainThread] BREADCRUMB {"event":"frame_catchup_capped","frame_seconds":0.085}
2026-08-02T07:33:11.755 INFO     [pid=7307 thread=MainThread] BREADCRUMB {"event":"frame_catchup_capped","frame_seconds":0.1}
2026-08-02T07:33:11.861 INFO     [pid=7307 thread=MainThread] BREADCRUMB {"event":"frame_catchup_capped","frame_seconds":0.1}
2026-08-02T07:33:11.961 INFO     [pid=7307 thread=MainThread] BREADCRUMB {"event":"frame_catchup_capped","frame_seconds":0.1}
2026-08-02T07:33:12.053 INFO     [pid=7307 thread=MainThread] BREADCRUMB {"event":"frame_catchup_capped","frame_seconds":0.096}
2026-08-02T07:33:12.152 INFO     [pid=7307 thread=MainThread] BREADCRUMB {"event":"frame_catchup_capped","frame_seconds":0.094}
2026-08-02T07:33:12.261 INFO     [pid=7307 thread=MainThread] BREADCRUMB {"event":"frame_catchup_capped","frame_seconds":0.1}
2026-08-02T07:33:12.365 INFO     [pid=7307 thread=MainThread] BREADCRUMB {"event":"frame_catchup_capped","frame_seconds":0.1}
2026-08-02T07:33:12.477 INFO     [pid=7307 thread=MainThread] BREADCRUMB {"event":"frame_catchup_capped","frame_seconds":0.1}
2026-08-02T07:33:12.579 INFO     [pid=7307 thread=MainThread] BREADCRUMB {"event":"frame_catchup_capped","frame_seconds":0.1}
2026-08-02T07:33:12.669 INFO     [pid=7307 thread=MainThread] BREADCRUMB {"event":"frame_catchup_capped","frame_seconds":0.088}
2026-08-02T07:33:12.772 INFO     [pid=7307 thread=MainThread] BREADCRUMB {"event":"frame_catchup_capped","frame_seconds":0.1}
2026-08-02T07:33:12.872 INFO     [pid=7307 thread=MainThread] BREADCRUMB {"event":"frame_catchup_capped","frame_seconds":0.1}
2026-08-02T07:33:12.980 INFO     [pid=7307 thread=MainThread] BREADCRUMB {"event":"frame_catchup_capped","frame_seconds":0.1}
2026-08-02T07:33:13.070 INFO     [pid=7307 thread=MainThread] BREADCRUMB {"event":"frame_catchup_capped","frame_seconds":0.092}
2026-08-02T07:33:13.198 INFO     [pid=7307 thread=MainThread] BREADCRUMB {"event":"frame_catchup_capped","frame_seconds":0.1}
2026-08-02T07:33:13.296 INFO     [pid=7307 thread=MainThread] BREADCRUMB {"event":"frame_catchup_capped","frame_seconds":0.1}
2026-08-02T07:33:13.401 INFO     [pid=7307 thread=MainThread] BREADCRUMB {"event":"frame_catchup_capped","frame_seconds":0.1}
2026-08-02T07:33:13.483 INFO     [pid=7307 thread=MainThread] BREADCRUMB {"event":"frame_catchup_capped","frame_seconds":0.09}
2026-08-02T07:33:13.594 INFO     [pid=7307 thread=MainThread] BREADCRUMB {"event":"frame_catchup_capped","frame_seconds":0.099}
2026-08-02T07:33:13.703 INFO     [pid=7307 thread=MainThread] BREADCRUMB {"event":"frame_catchup_capped","frame_seconds":0.1}
2026-08-02T07:33:13.806 INFO     [pid=7307 thread=MainThread] BREADCRUMB {"event":"frame_catchup_capped","frame_seconds":0.1}
2026-08-02T07:33:13.929 INFO     [pid=7307 thread=MainThread] BREADCRUMB {"event":"frame_catchup_capped","frame_seconds":0.1}
2026-08-02T07:33:14.064 INFO     [pid=7307 thread=MainThread] BREADCRUMB {"event":"frame_catchup_capped","frame_seconds":0.1}
2026-08-02T07:33:14.158 INFO     [pid=7307 thread=MainThread] BREADCRUMB {"event":"frame_catchup_capped","frame_seconds":0.1}
2026-08-02T07:33:14.264 INFO     [pid=7307 thread=MainThread] BREADCRUMB {"event":"frame_catchup_capped","frame_seconds":0.1}
2026-08-02T07:33:14.378 INFO     [pid=7307 thread=MainThread] BREADCRUMB {"event":"frame_catchup_capped","frame_seconds":0.1}
2026-08-02T07:33:14.487 INFO     [pid=7307 thread=MainThread] BREADCRUMB {"event":"frame_catchup_capped","frame_seconds":0.1}
2026-08-02T07:33:14.600 INFO     [pid=7307 thread=MainThread] BREADCRUMB {"event":"frame_catchup_capped","frame_seconds":0.1}
2026-08-02T07:33:14.727 INFO     [pid=7307 thread=MainThread] BREADCRUMB {"event":"frame_catchup_capped","frame_seconds":0.1}
2026-08-02T07:33:14.897 INFO     [pid=7307 thread=MainThread] BREADCRUMB {"event":"frame_catchup_capped","frame_seconds":0.1}
2026-08-02T07:33:15.039 INFO     [pid=7307 thread=MainThread] BREADCRUMB {"event":"frame_catchup_capped","frame_seconds":0.1}
2026-08-02T07:33:15.160 INFO     [pid=7307 thread=MainThread] BREADCRUMB {"event":"frame_catchup_capped","frame_seconds":0.1}
2026-08-02T07:33:15.262 INFO     [pid=7307 thread=MainThread] BREADCRUMB {"event":"frame_catchup_capped","frame_seconds":0.1}
2026-08-02T07:33:15.367 INFO     [pid=7307 thread=MainThread] BREADCRUMB {"event":"frame_catchup_capped","frame_seconds":0.1}
2026-08-02T07:33:15.463 INFO     [pid=7307 thread=MainThread] BREADCRUMB {"event":"frame_catchup_capped","frame_seconds":0.098}
2026-08-02T07:33:15.544 INFO     [pid=7307 thread=MainThread] BREADCRUMB {"event":"frame_catchup_capped","frame_seconds":0.084}
2026-08-02T07:33:15.729 INFO     [pid=7307 thread=MainThread] BREADCRUMB {"event":"frame_catchup_capped","frame_seconds":0.1}
2026-08-02T07:33:15.827 INFO     [pid=7307 thread=MainThread] BREADCRUMB {"event":"frame_catchup_capped","frame_seconds":0.094}
2026-08-02T07:33:15.930 INFO     [pid=7307 thread=MainThread] BREADCRUMB {"event":"frame_catchup_capped","frame_seconds":0.1}
2026-08-02T07:33:16.036 INFO     [pid=7307 thread=MainThread] BREADCRUMB {"event":"frame_catchup_capped","frame_seconds":0.1}
2026-08-02T07:33:16.121 INFO     [pid=7307 thread=MainThread] BREADCRUMB {"event":"frame_catchup_capped","frame_seconds":0.098}
2026-08-02T07:33:16.211 INFO     [pid=7307 thread=MainThread] BREADCRUMB {"event":"frame_catchup_capped","frame_seconds":0.086}
2026-08-02T07:33:16.374 INFO     [pid=7307 thread=MainThread] BREADCRUMB {"event":"frame_catchup_capped","frame_seconds":0.077}
2026-08-02T07:33:16.483 INFO     [pid=7307 thread=MainThread] BREADCRUMB {"event":"frame_catchup_capped","frame_seconds":0.1}
2026-08-02T07:33:16.645 INFO     [pid=7307 thread=MainThread] BREADCRUMB {"event":"frame_catchup_capped","frame_seconds":0.08}
2026-08-02T07:33:16.733 INFO     [pid=7307 thread=MainThread] BREADCRUMB {"event":"frame_catchup_capped","frame_seconds":0.087}
2026-08-02T07:33:16.832 INFO     [pid=7307 thread=MainThread] BREADCRUMB {"event":"frame_catchup_capped","frame_seconds":0.1}
2026-08-02T07:33:16.933 INFO     [pid=7307 thread=MainThread] BREADCRUMB {"event":"frame_catchup_capped","frame_seconds":0.097}
2026-08-02T07:33:17.017 INFO     [pid=7307 thread=MainThread] BREADCRUMB {"event":"frame_catchup_capped","frame_seconds":0.09}
2026-08-02T07:33:17.134 INFO     [pid=7307 thread=MainThread] BREADCRUMB {"event":"frame_catchup_capped","frame_seconds":0.098}
2026-08-02T07:33:17.234 INFO     [pid=7307 thread=MainThread] BREADCRUMB {"event":"frame_catchup_capped","frame_seconds":0.1}
2026-08-02T07:33:17.346 INFO     [pid=7307 thread=MainThread] BREADCRUMB {"event":"frame_catchup_capped","frame_seconds":0.097}
2026-08-02T07:33:17.486 INFO     [pid=7307 thread=MainThread] BREADCRUMB {"event":"frame_catchup_capped","frame_seconds":0.1}
2026-08-02T07:33:17.612 INFO     [pid=7307 thread=MainThread] BREADCRUMB {"event":"frame_catchup_capped","frame_seconds":0.1}
2026-08-02T07:33:17.721 INFO     [pid=7307 thread=MainThread] BREADCRUMB {"event":"frame_catchup_capped","frame_seconds":0.1}
2026-08-02T07:33:17.817 INFO     [pid=7307 thread=MainThread] BREADCRUMB {"event":"frame_catchup_capped","frame_seconds":0.1}
2026-08-02T07:33:17.937 INFO     [pid=7307 thread=MainThread] BREADCRUMB {"event":"frame_catchup_capped","frame_seconds":0.1}
2026-08-02T07:33:18.037 INFO     [pid=7307 thread=MainThread] BREADCRUMB {"event":"frame_catchup_capped","frame_seconds":0.095}
2026-08-02T07:33:18.118 INFO     [pid=7307 thread=MainThread] BREADCRUMB {"event":"frame_catchup_capped","frame_seconds":0.089}
2026-08-02T07:33:18.225 INFO     [pid=7307 thread=MainThread] BREADCRUMB {"event":"frame_catchup_capped","frame_seconds":0.094}
2026-08-02T07:33:18.318 INFO     [pid=7307 thread=MainThread] BREADCRUMB {"event":"frame_catchup_capped","frame_seconds":0.1}
2026-08-02T07:33:18.421 INFO     [pid=7307 thread=MainThread] BREADCRUMB {"event":"frame_catchup_capped","frame_seconds":0.1}
2026-08-02T07:33:18.530 INFO     [pid=7307 thread=MainThread] BREADCRUMB {"event":"frame_catchup_capped","frame_seconds":0.1}
2026-08-02T07:33:18.678 INFO     [pid=7307 thread=MainThread] BREADCRUMB {"event":"frame_catchup_capped","frame_seconds":0.1}
2026-08-02T07:33:18.786 INFO     [pid=7307 thread=MainThread] BREADCRUMB {"event":"frame_catchup_capped","frame_seconds":0.1}
2026-08-02T07:33:18.887 INFO     [pid=7307 thread=MainThread] BREADCRUMB {"event":"frame_catchup_capped","frame_seconds":0.1}
2026-08-02T07:33:18.991 INFO     [pid=7307 thread=MainThread] BREADCRUMB {"event":"frame_catchup_capped","frame_seconds":0.1}
2026-08-02T07:33:19.084 INFO     [pid=7307 thread=MainThread] BREADCRUMB {"event":"frame_catchup_capped","frame_seconds":0.096}
2026-08-02T07:33:19.168 INFO     [pid=7307 thread=MainThread] BREADCRUMB {"event":"frame_catchup_capped","frame_seconds":0.094}
2026-08-02T07:33:19.268 INFO     [pid=7307 thread=MainThread] BREADCRUMB {"event":"frame_catchup_capped","frame_seconds":0.092}
2026-08-02T07:33:19.365 INFO     [pid=7307 thread=MainThread] BREADCRUMB {"event":"frame_catchup_capped","frame_seconds":0.096}
2026-08-02T07:33:19.483 INFO     [pid=7307 thread=MainThread] BREADCRUMB {"event":"frame_catchup_capped","frame_seconds":0.1}
2026-08-02T07:33:19.585 INFO     [pid=7307 thread=MainThread] BREADCRUMB {"event":"frame_catchup_capped","frame_seconds":0.1}
2026-08-02T07:33:19.690 INFO     [pid=7307 thread=MainThread] BREADCRUMB {"event":"frame_catchup_capped","frame_seconds":0.1}
2026-08-02T07:33:19.802 INFO     [pid=7307 thread=MainThread] BREADCRUMB {"event":"frame_catchup_capped","frame_seconds":0.1}
2026-08-02T07:33:19.908 INFO     [pid=7307 thread=MainThread] BREADCRUMB {"event":"frame_catchup_capped","frame_seconds":0.1}
2026-08-02T07:33:20.020 INFO     [pid=7307 thread=MainThread] BREADCRUMB {"event":"frame_catchup_capped","frame_seconds":0.1}
2026-08-02T07:33:20.123 INFO     [pid=7307 thread=MainThread] BREADCRUMB {"event":"frame_catchup_capped","frame_seconds":0.1}
2026-08-02T07:33:20.247 INFO     [pid=7307 thread=MainThread] BREADCRUMB {"event":"frame_catchup_capped","frame_seconds":0.1}
2026-08-02T07:33:20.353 INFO     [pid=7307 thread=MainThread] BREADCRUMB {"event":"frame_catchup_capped","frame_seconds":0.1}
2026-08-02T07:33:20.459 INFO     [pid=7307 thread=MainThread] BREADCRUMB {"event":"frame_catchup_capped","frame_seconds":0.1}
2026-08-02T07:33:20.590 INFO     [pid=7307 thread=MainThread] BREADCRUMB {"event":"frame_catchup_capped","frame_seconds":0.1}
2026-08-02T07:33:20.686 INFO     [pid=7307 thread=MainThread] BREADCRUMB {"event":"frame_catchup_capped","frame_seconds":0.1}
2026-08-02T07:33:20.793 INFO     [pid=7307 thread=MainThread] BREADCRUMB {"event":"frame_catchup_capped","frame_seconds":0.1}
2026-08-02T07:33:20.896 INFO     [pid=7307 thread=MainThread] BREADCRUMB {"event":"frame_catchup_capped","frame_seconds":0.1}
2026-08-02T07:33:20.999 INFO     [pid=7307 thread=MainThread] BREADCRUMB {"event":"frame_catchup_capped","frame_seconds":0.1}
2026-08-02T07:33:21.117 INFO     [pid=7307 thread=MainThread] BREADCRUMB {"event":"frame_catchup_capped","frame_seconds":0.1}
2026-08-02T07:33:21.201 INFO     [pid=7307 thread=MainThread] BREADCRUMB {"event":"frame_catchup_capped","frame_seconds":0.091}
2026-08-02T07:33:21.308 INFO     [pid=7307 thread=MainThread] BREADCRUMB {"event":"frame_catchup_capped","frame_seconds":0.093}
2026-08-02T07:33:21.401 INFO     [pid=7307 thread=MainThread] BREADCRUMB {"event":"frame_catchup_capped","frame_seconds":0.1}
2026-08-02T07:33:21.509 INFO     [pid=7307 thread=MainThread] BREADCRUMB {"event":"frame_catchup_capped","frame_seconds":0.1}
2026-08-02T07:33:21.612 INFO     [pid=7307 thread=MainThread] BREADCRUMB {"event":"frame_catchup_capped","frame_seconds":0.1}
2026-08-02T07:33:21.698 INFO     [pid=7307 thread=MainThread] BREADCRUMB {"event":"frame_catchup_capped","frame_seconds":0.096}
2026-08-02T07:33:21.848 INFO     [pid=7307 thread=MainThread] BREADCRUMB {"event":"frame_catchup_capped","frame_seconds":0.1}
2026-08-02T07:33:21.951 INFO     [pid=7307 thread=MainThread] BREADCRUMB {"event":"frame_catchup_capped","frame_seconds":0.1}
2026-08-02T07:33:22.055 INFO     [pid=7307 thread=MainThread] BREADCRUMB {"event":"frame_catchup_capped","frame_seconds":0.1}
2026-08-02T07:33:22.153 INFO     [pid=7307 thread=MainThread] BREADCRUMB {"event":"frame_catchup_capped","frame_seconds":0.099}
2026-08-02T07:33:22.267 INFO     [pid=7307 thread=MainThread] BREADCRUMB {"event":"frame_catchup_capped","frame_seconds":0.1}
2026-08-02T07:33:22.362 INFO     [pid=7307 thread=MainThread] BREADCRUMB {"event":"frame_catchup_capped","frame_seconds":0.1}
2026-08-02T07:33:22.468 INFO     [pid=7307 thread=MainThread] BREADCRUMB {"event":"frame_catchup_capped","frame_seconds":0.1}
2026-08-02T07:33:22.584 INFO     [pid=7307 thread=MainThread] BREADCRUMB {"event":"frame_catchup_capped","frame_seconds":0.1}
2026-08-02T07:33:22.708 INFO     [pid=7307 thread=MainThread] BREADCRUMB {"event":"frame_catchup_capped","frame_seconds":0.1}
2026-08-02T07:33:22.812 INFO     [pid=7307 thread=MainThread] BREADCRUMB {"event":"frame_catchup_capped","frame_seconds":0.1}
2026-08-02T07:33:22.914 INFO     [pid=7307 thread=MainThread] BREADCRUMB {"event":"frame_catchup_capped","frame_seconds":0.1}
2026-08-02T07:33:23.003 INFO     [pid=7307 thread=MainThread] BREADCRUMB {"event":"frame_catchup_capped","frame_seconds":0.096}
2026-08-02T07:33:23.101 INFO     [pid=7307 thread=MainThread] BREADCRUMB {"event":"frame_catchup_capped","frame_seconds":0.091}
2026-08-02T07:33:23.187 INFO     [pid=7307 thread=MainThread] BREADCRUMB {"event":"frame_catchup_capped","frame_seconds":0.094}
2026-08-02T07:33:23.284 INFO     [pid=7307 thread=MainThread] BREADCRUMB {"event":"frame_catchup_capped","frame_seconds":0.095}
2026-08-02T07:33:23.407 INFO     [pid=7307 thread=MainThread] BREADCRUMB {"event":"frame_catchup_capped","frame_seconds":0.1}
2026-08-02T07:33:23.536 INFO     [pid=7307 thread=MainThread] BREADCRUMB {"event":"frame_catchup_capped","frame_seconds":0.1}
2026-08-02T07:33:23.646 INFO     [pid=7307 thread=MainThread] BREADCRUMB {"event":"frame_catchup_capped","frame_seconds":0.1}
2026-08-02T07:33:23.773 INFO     [pid=7307 thread=MainThread] BREADCRUMB {"event":"frame_catchup_capped","frame_seconds":0.1}
2026-08-02T07:33:23.914 INFO     [pid=7307 thread=MainThread] BREADCRUMB {"event":"frame_catchup_capped","frame_seconds":0.1}
2026-08-02T07:33:24.097 INFO     [pid=7307 thread=MainThread] BREADCRUMB {"event":"frame_catchup_capped","frame_seconds":0.1}
2026-08-02T07:33:24.232 INFO     [pid=7307 thread=MainThread] BREADCRUMB {"event":"frame_catchup_capped","frame_seconds":0.1}
2026-08-02T07:33:24.382 INFO     [pid=7307 thread=MainThread] BREADCRUMB {"event":"frame_catchup_capped","frame_seconds":0.1}
2026-08-02T07:33:24.489 INFO     [pid=7307 thread=MainThread] BREADCRUMB {"event":"frame_catchup_capped","frame_seconds":0.1}
2026-08-02T07:33:24.600 INFO     [pid=7307 thread=MainThread] BREADCRUMB {"event":"frame_catchup_capped","frame_seconds":0.1}
2026-08-02T07:33:24.779 INFO     [pid=7307 thread=MainThread] BREADCRUMB {"event":"frame_catchup_capped","frame_seconds":0.1}
2026-08-02T07:33:24.927 INFO     [pid=7307 thread=MainThread] BREADCRUMB {"event":"frame_catchup_capped","frame_seconds":0.1}
2026-08-02T07:33:25.047 INFO     [pid=7307 thread=MainThread] BREADCRUMB {"event":"frame_catchup_capped","frame_seconds":0.1}
2026-08-02T07:33:25.187 INFO     [pid=7307 thread=MainThread] BREADCRUMB {"event":"frame_catchup_capped","frame_seconds":0.1}
2026-08-02T07:33:25.304 INFO     [pid=7307 thread=MainThread] BREADCRUMB {"event":"frame_catchup_capped","frame_seconds":0.1}
2026-08-02T07:33:25.413 INFO     [pid=7307 thread=MainThread] BREADCRUMB {"event":"frame_catchup_capped","frame_seconds":0.1}
2026-08-02T07:33:25.531 INFO     [pid=7307 thread=MainThread] BREADCRUMB {"event":"frame_catchup_capped","frame_seconds":0.1}
2026-08-02T07:33:25.665 INFO     [pid=7307 thread=MainThread] BREADCRUMB {"event":"frame_catchup_capped","frame_seconds":0.1}
2026-08-02T07:33:25.788 INFO     [pid=7307 thread=MainThread] BREADCRUMB {"event":"frame_catchup_capped","frame_seconds":0.1}
2026-08-02T07:33:25.908 INFO     [pid=7307 thread=MainThread] BREADCRUMB {"event":"frame_catchup_capped","frame_seconds":0.1}
2026-08-02T07:33:26.048 INFO     [pid=7307 thread=MainThread] BREADCRUMB {"event":"frame_catchup_capped","frame_seconds":0.1}
2026-08-02T07:33:26.144 INFO     [pid=7307 thread=MainThread] BREADCRUMB {"event":"frame_catchup_capped","frame_seconds":0.097}
2026-08-02T07:33:26.235 INFO     [pid=7307 thread=MainThread] BREADCRUMB {"event":"frame_catchup_capped","frame_seconds":0.095}
2026-08-02T07:33:26.332 INFO     [pid=7307 thread=MainThread] BREADCRUMB {"event":"frame_catchup_capped","frame_seconds":0.098}
2026-08-02T07:33:26.436 INFO     [pid=7307 thread=MainThread] BREADCRUMB {"event":"frame_catchup_capped","frame_seconds":0.098}
2026-08-02T07:33:26.535 INFO     [pid=7307 thread=MainThread] BREADCRUMB {"event":"frame_catchup_capped","frame_seconds":0.097}
2026-08-02T07:33:26.676 INFO     [pid=7307 thread=MainThread] BREADCRUMB {"event":"frame_catchup_capped","frame_seconds":0.1}
2026-08-02T07:33:26.813 INFO     [pid=7307 thread=MainThread] BREADCRUMB {"event":"frame_catchup_capped","frame_seconds":0.1}
2026-08-02T07:33:26.948 INFO     [pid=7307 thread=MainThread] BREADCRUMB {"event":"frame_catchup_capped","frame_seconds":0.1}
2026-08-02T07:33:27.070 INFO     [pid=7307 thread=MainThread] BREADCRUMB {"event":"frame_catchup_capped","frame_seconds":0.1}
2026-08-02T07:33:27.160 INFO     [pid=7307 thread=MainThread] BREADCRUMB {"event":"frame_catchup_capped","frame_seconds":0.092}
2026-08-02T07:33:27.258 INFO     [pid=7307 thread=MainThread] BREADCRUMB {"event":"frame_catchup_capped","frame_seconds":0.09}
2026-08-02T07:33:27.368 INFO     [pid=7307 thread=MainThread] BREADCRUMB {"event":"frame_catchup_capped","frame_seconds":0.1}
2026-08-02T07:33:27.497 INFO     [pid=7307 thread=MainThread] BREADCRUMB {"event":"frame_catchup_capped","frame_seconds":0.1}
2026-08-02T07:33:27.597 INFO     [pid=7307 thread=MainThread] BREADCRUMB {"event":"frame_catchup_capped","frame_seconds":0.096}
2026-08-02T07:33:27.682 INFO     [pid=7307 thread=MainThread] BREADCRUMB {"event":"music_already_playing","filename":"red_2nd_track_stage_8bit.ogg"}
2026-08-02T07:33:27.683 INFO     [pid=7307 thread=MainThread] BREADCRUMB {"event":"stage_music_selected","state":"gameplay","frame":1485,"filename":"red_2nd_track_stage_8bit.ogg","started":true}
2026-08-02T07:33:27.686 INFO     [pid=7307 thread=MainThread] BREADCRUMB {"event":"stage_started","state":"gameplay","frame":1485,"stage":"second_street","players":[{"slot":1,"character":"black_dave","binding":{"type":"keyboard","instance_id":-1},"cpu":false},{"slot":2,"character":"shelly","binding":{"type":"cpu","instance_id":-2},"cpu":true}]}
2026-08-02T07:33:27.687 INFO     [pid=7307 thread=MainThread] BREADCRUMB {"event":"visual_evidence_scene_activated","state":"gameplay","frame":1485,"level_id":"chapter_1_level_1","camera_x":800.0}
2026-08-02T07:33:27.696 INFO     [pid=7307 thread=MainThread] BREADCRUMB {"event":"chapter_environment_event","state":"gameplay","frame":1486,"level_id":"chapter_1_level_1","content_event":"cart_return_throwable"}
2026-08-02T07:33:27.711 INFO     [pid=7307 thread=MainThread] BREADCRUMB {"event":"frame_catchup_capped","frame_seconds":0.1}
2026-08-02T07:33:27.836 INFO     [pid=7307 thread=MainThread] BREADCRUMB {"event":"frame_catchup_capped","frame_seconds":0.1}
2026-08-02T07:33:27.934 INFO     [pid=7307 thread=MainThread] BREADCRUMB {"event":"frame_catchup_capped","frame_seconds":0.098}
2026-08-02T07:33:28.033 INFO     [pid=7307 thread=MainThread] BREADCRUMB {"event":"frame_catchup_capped","frame_seconds":0.098}
2026-08-02T07:33:28.135 INFO     [pid=7307 thread=MainThread] BREADCRUMB {"event":"frame_catchup_capped","frame_seconds":0.094}
2026-08-02T07:33:28.264 INFO     [pid=7307 thread=MainThread] BREADCRUMB {"event":"frame_catchup_capped","frame_seconds":0.1}
2026-08-02T07:33:28.369 INFO     [pid=7307 thread=MainThread] BREADCRUMB {"event":"frame_catchup_capped","frame_seconds":0.1}
2026-08-02T07:33:28.479 INFO     [pid=7307 thread=MainThread] BREADCRUMB {"event":"frame_catchup_capped","frame_seconds":0.1}
2026-08-02T07:33:28.596 INFO     [pid=7307 thread=MainThread] BREADCRUMB {"event":"frame_catchup_capped","frame_seconds":0.1}
2026-08-02T07:33:28.697 INFO     [pid=7307 thread=MainThread] BREADCRUMB {"event":"frame_catchup_capped","frame_seconds":0.1}
2026-08-02T07:33:28.802 INFO     [pid=7307 thread=MainThread] BREADCRUMB {"event":"frame_catchup_capped","frame_seconds":0.1}
2026-08-02T07:33:28.917 INFO     [pid=7307 thread=MainThread] BREADCRUMB {"event":"frame_catchup_capped","frame_seconds":0.1}
2026-08-02T07:33:29.007 INFO     [pid=7307 thread=MainThread] BREADCRUMB {"event":"frame_catchup_capped","frame_seconds":0.095}
2026-08-02T07:33:29.094 INFO     [pid=7307 thread=MainThread] BREADCRUMB {"event":"frame_catchup_capped","frame_seconds":0.091}
2026-08-02T07:33:29.189 INFO     [pid=7307 thread=MainThread] BREADCRUMB {"event":"frame_catchup_capped","frame_seconds":0.092}
2026-08-02T07:33:29.287 INFO     [pid=7307 thread=MainThread] BREADCRUMB {"event":"frame_catchup_capped","frame_seconds":0.098}
2026-08-02T07:33:29.380 INFO     [pid=7307 thread=MainThread] BREADCRUMB {"event":"frame_catchup_capped","frame_seconds":0.093}
2026-08-02T07:33:29.482 INFO     [pid=7307 thread=MainThread] BREADCRUMB {"event":"frame_catchup_capped","frame_seconds":0.1}
2026-08-02T07:33:29.584 INFO     [pid=7307 thread=MainThread] BREADCRUMB {"event":"frame_catchup_capped","frame_seconds":0.095}
2026-08-02T07:33:29.702 INFO     [pid=7307 thread=MainThread] BREADCRUMB {"event":"frame_catchup_capped","frame_seconds":0.1}
2026-08-02T07:33:29.807 INFO     [pid=7307 thread=MainThread] BREADCRUMB {"event":"frame_catchup_capped","frame_seconds":0.099}
2026-08-02T07:33:29.903 INFO     [pid=7307 thread=MainThread] BREADCRUMB {"event":"frame_catchup_capped","frame_seconds":0.098}
2026-08-02T07:33:29.995 INFO     [pid=7307 thread=MainThread] BREADCRUMB {"event":"frame_catchup_capped","frame_seconds":0.095}
2026-08-02T07:33:30.087 INFO     [pid=7307 thread=MainThread] BREADCRUMB {"event":"frame_catchup_capped","frame_seconds":0.089}
2026-08-02T07:33:30.181 INFO     [pid=7307 thread=MainThread] BREADCRUMB {"event":"frame_catchup_capped","frame_seconds":0.095}
2026-08-02T07:33:30.283 INFO     [pid=7307 thread=MainThread] BREADCRUMB {"event":"frame_catchup_capped","frame_seconds":0.099}
2026-08-02T07:33:30.408 INFO     [pid=7307 thread=MainThread] BREADCRUMB {"event":"frame_catchup_capped","frame_seconds":0.1}
2026-08-02T07:33:30.505 INFO     [pid=7307 thread=MainThread] BREADCRUMB {"event":"frame_catchup_capped","frame_seconds":0.1}
2026-08-02T07:33:30.598 INFO     [pid=7307 thread=MainThread] BREADCRUMB {"event":"frame_catchup_capped","frame_seconds":0.094}
2026-08-02T07:33:30.690 INFO     [pid=7307 thread=MainThread] BREADCRUMB {"event":"frame_catchup_capped","frame_seconds":0.089}
2026-08-02T07:33:30.782 INFO     [pid=7307 thread=MainThread] BREADCRUMB {"event":"frame_catchup_capped","frame_seconds":0.099}
2026-08-02T07:33:30.876 INFO     [pid=7307 thread=MainThread] BREADCRUMB {"event":"frame_catchup_capped","frame_seconds":0.093}
2026-08-02T07:33:30.975 INFO     [pid=7307 thread=MainThread] BREADCRUMB {"event":"frame_catchup_capped","frame_seconds":0.094}
2026-08-02T07:33:31.098 INFO     [pid=7307 thread=MainThread] BREADCRUMB {"event":"frame_catchup_capped","frame_seconds":0.1}
2026-08-02T07:33:31.225 INFO     [pid=7307 thread=MainThread] BREADCRUMB {"event":"frame_catchup_capped","frame_seconds":0.1}
2026-08-02T07:33:31.332 INFO     [pid=7307 thread=MainThread] BREADCRUMB {"event":"frame_catchup_capped","frame_seconds":0.1}
2026-08-02T07:33:31.434 INFO     [pid=7307 thread=MainThread] BREADCRUMB {"event":"frame_catchup_capped","frame_seconds":0.095}
2026-08-02T07:33:31.539 INFO     [pid=7307 thread=MainThread] BREADCRUMB {"event":"frame_catchup_capped","frame_seconds":0.1}
2026-08-02T07:33:31.642 INFO     [pid=7307 thread=MainThread] BREADCRUMB {"event":"frame_catchup_capped","frame_seconds":0.1}
2026-08-02T07:33:31.750 INFO     [pid=7307 thread=MainThread] BREADCRUMB {"event":"frame_catchup_capped","frame_seconds":0.1}
2026-08-02T07:33:31.889 INFO     [pid=7307 thread=MainThread] BREADCRUMB {"event":"frame_catchup_capped","frame_seconds":0.1}
2026-08-02T07:33:32.070 INFO     [pid=7307 thread=MainThread] BREADCRUMB {"event":"frame_catchup_capped","frame_seconds":0.1}
2026-08-02T07:33:32.215 INFO     [pid=7307 thread=MainThread] BREADCRUMB {"event":"frame_catchup_capped","frame_seconds":0.1}
2026-08-02T07:33:32.336 INFO     [pid=7307 thread=MainThread] BREADCRUMB {"event":"frame_catchup_capped","frame_seconds":0.1}
2026-08-02T07:33:32.447 INFO     [pid=7307 thread=MainThread] BREADCRUMB {"event":"frame_catchup_capped","frame_seconds":0.1}
2026-08-02T07:33:32.548 INFO     [pid=7307 thread=MainThread] BREADCRUMB {"event":"frame_catchup_capped","frame_seconds":0.1}
2026-08-02T07:33:32.647 INFO     [pid=7307 thread=MainThread] BREADCRUMB {"event":"frame_catchup_capped","frame_seconds":0.095}
2026-08-02T07:33:32.746 INFO     [pid=7307 thread=MainThread] BREADCRUMB {"event":"frame_catchup_capped","frame_seconds":0.097}
2026-08-02T07:33:32.823 INFO     [pid=7307 thread=MainThread] BREADCRUMB {"event":"chief_petted","state":"gameplay","frame":1727,"player":1}
2026-08-02T07:33:32.843 INFO     [pid=7307 thread=MainThread] BREADCRUMB {"event":"frame_catchup_capped","frame_seconds":0.098}
2026-08-02T07:33:32.966 INFO     [pid=7307 thread=MainThread] BREADCRUMB {"event":"frame_catchup_capped","frame_seconds":0.1}
2026-08-02T07:33:33.065 INFO     [pid=7307 thread=MainThread] BREADCRUMB {"event":"frame_catchup_capped","frame_seconds":0.1}
2026-08-02T07:33:33.165 INFO     [pid=7307 thread=MainThread] BREADCRUMB {"event":"frame_catchup_capped","frame_seconds":0.1}
2026-08-02T07:33:33.270 INFO     [pid=7307 thread=MainThread] BREADCRUMB {"event":"frame_catchup_capped","frame_seconds":0.099}
2026-08-02T07:33:33.365 INFO     [pid=7307 thread=MainThread] BREADCRUMB {"event":"frame_catchup_capped","frame_seconds":0.096}
2026-08-02T07:33:33.458 INFO     [pid=7307 thread=MainThread] BREADCRUMB {"event":"frame_catchup_capped","frame_seconds":0.097}
2026-08-02T07:33:33.546 INFO     [pid=7307 thread=MainThread] BREADCRUMB {"event":"frame_catchup_capped","frame_seconds":0.086}
2026-08-02T07:33:33.652 INFO     [pid=7307 thread=MainThread] BREADCRUMB {"event":"frame_catchup_capped","frame_seconds":0.1}
2026-08-02T07:33:33.749 INFO     [pid=7307 thread=MainThread] BREADCRUMB {"event":"frame_catchup_capped","frame_seconds":0.098}
2026-08-02T07:33:33.864 INFO     [pid=7307 thread=MainThread] BREADCRUMB {"event":"frame_catchup_capped","frame_seconds":0.1}
2026-08-02T07:33:33.968 INFO     [pid=7307 thread=MainThread] BREADCRUMB {"event":"frame_catchup_capped","frame_seconds":0.098}
2026-08-02T07:33:34.068 INFO     [pid=7307 thread=MainThread] BREADCRUMB {"event":"frame_catchup_capped","frame_seconds":0.096}
2026-08-02T07:33:34.165 INFO     [pid=7307 thread=MainThread] BREADCRUMB {"event":"frame_catchup_capped","frame_seconds":0.098}
2026-08-02T07:33:34.266 INFO     [pid=7307 thread=MainThread] BREADCRUMB {"event":"frame_catchup_capped","frame_seconds":0.1}
2026-08-02T07:33:34.391 INFO     [pid=7307 thread=MainThread] BREADCRUMB {"event":"frame_catchup_capped","frame_seconds":0.1}
2026-08-02T07:33:34.493 INFO     [pid=7307 thread=MainThread] BREADCRUMB {"event":"frame_catchup_capped","frame_seconds":0.1}
2026-08-02T07:33:34.585 INFO     [pid=7307 thread=MainThread] BREADCRUMB {"event":"frame_catchup_capped","frame_seconds":0.091}
2026-08-02T07:33:34.674 INFO     [pid=7307 thread=MainThread] BREADCRUMB {"event":"frame_catchup_capped","frame_seconds":0.094}
2026-08-02T07:33:34.769 INFO     [pid=7307 thread=MainThread] BREADCRUMB {"event":"frame_catchup_capped","frame_seconds":0.09}
2026-08-02T07:33:34.852 INFO     [pid=7307 thread=MainThread] BREADCRUMB {"event":"frame_catchup_capped","frame_seconds":0.091}
2026-08-02T07:33:34.946 INFO     [pid=7307 thread=MainThread] BREADCRUMB {"event":"frame_catchup_capped","frame_seconds":0.089}
2026-08-02T07:33:35.033 INFO     [pid=7307 thread=MainThread] BREADCRUMB {"event":"frame_catchup_capped","frame_seconds":0.085}
2026-08-02T07:33:35.146 INFO     [pid=7307 thread=MainThread] BREADCRUMB {"event":"frame_catchup_capped","frame_seconds":0.1}
2026-08-02T07:33:35.236 INFO     [pid=7307 thread=MainThread] BREADCRUMB {"event":"frame_catchup_capped","frame_seconds":0.094}
2026-08-02T07:33:35.333 INFO     [pid=7307 thread=MainThread] BREADCRUMB {"event":"frame_catchup_capped","frame_seconds":0.091}
2026-08-02T07:33:35.418 INFO     [pid=7307 thread=MainThread] BREADCRUMB {"event":"frame_catchup_capped","frame_seconds":0.094}
2026-08-02T07:33:35.507 INFO     [pid=7307 thread=MainThread] BREADCRUMB {"event":"frame_catchup_capped","frame_seconds":0.084}
2026-08-02T07:33:35.609 INFO     [pid=7307 thread=MainThread] BREADCRUMB {"event":"frame_catchup_capped","frame_seconds":0.094}
2026-08-02T07:33:35.699 INFO     [pid=7307 thread=MainThread] BREADCRUMB {"event":"frame_catchup_capped","frame_seconds":0.094}
2026-08-02T07:33:35.810 INFO     [pid=7307 thread=MainThread] BREADCRUMB {"event":"frame_catchup_capped","frame_seconds":0.1}
2026-08-02T07:33:35.897 INFO     [pid=7307 thread=MainThread] BREADCRUMB {"event":"frame_catchup_capped","frame_seconds":0.1}
2026-08-02T07:33:35.986 INFO     [pid=7307 thread=MainThread] BREADCRUMB {"event":"frame_catchup_capped","frame_seconds":0.088}
2026-08-02T07:33:36.096 INFO     [pid=7307 thread=MainThread] BREADCRUMB {"event":"frame_catchup_capped","frame_seconds":0.1}
2026-08-02T07:33:36.201 INFO     [pid=7307 thread=MainThread] BREADCRUMB {"event":"frame_catchup_capped","frame_seconds":0.1}
2026-08-02T07:33:36.295 INFO     [pid=7307 thread=MainThread] BREADCRUMB {"event":"frame_catchup_capped","frame_seconds":0.096}
2026-08-02T07:33:36.390 INFO     [pid=7307 thread=MainThread] BREADCRUMB {"event":"frame_catchup_capped","frame_seconds":0.089}
2026-08-02T07:33:36.475 INFO     [pid=7307 thread=MainThread] BREADCRUMB {"event":"frame_catchup_capped","frame_seconds":0.094}
2026-08-02T07:33:36.600 INFO     [pid=7307 thread=MainThread] BREADCRUMB {"event":"frame_catchup_capped","frame_seconds":0.1}
2026-08-02T07:33:36.702 INFO     [pid=7307 thread=MainThread] BREADCRUMB {"event":"frame_catchup_capped","frame_seconds":0.099}
2026-08-02T07:33:36.800 INFO     [pid=7307 thread=MainThread] BREADCRUMB {"event":"frame_catchup_capped","frame_seconds":0.1}
2026-08-02T07:33:36.892 INFO     [pid=7307 thread=MainThread] BREADCRUMB {"event":"frame_catchup_capped","frame_seconds":0.09}
2026-08-02T07:33:36.986 INFO     [pid=7307 thread=MainThread] BREADCRUMB {"event":"frame_catchup_capped","frame_seconds":0.099}
2026-08-02T07:33:37.073 INFO     [pid=7307 thread=MainThread] BREADCRUMB {"event":"frame_catchup_capped","frame_seconds":0.091}
2026-08-02T07:33:37.258 INFO     [pid=7307 thread=MainThread] BREADCRUMB {"event":"frame_catchup_capped","frame_seconds":0.096}
2026-08-02T07:33:37.369 INFO     [pid=7307 thread=MainThread] BREADCRUMB {"event":"frame_catchup_capped","frame_seconds":0.1}
2026-08-02T07:33:37.472 INFO     [pid=7307 thread=MainThread] BREADCRUMB {"event":"frame_catchup_capped","frame_seconds":0.1}
2026-08-02T07:33:37.561 INFO     [pid=7307 thread=MainThread] BREADCRUMB {"event":"frame_catchup_capped","frame_seconds":0.088}
2026-08-02T07:33:37.663 INFO     [pid=7307 thread=MainThread] BREADCRUMB {"event":"frame_catchup_capped","frame_seconds":0.1}
2026-08-02T07:33:37.760 INFO     [pid=7307 thread=MainThread] BREADCRUMB {"event":"frame_catchup_capped","frame_seconds":0.097}
2026-08-02T07:33:37.856 INFO     [pid=7307 thread=MainThread] BREADCRUMB {"event":"frame_catchup_capped","frame_seconds":0.097}
2026-08-02T07:33:37.949 INFO     [pid=7307 thread=MainThread] BREADCRUMB {"event":"frame_catchup_capped","frame_seconds":0.098}
2026-08-02T07:33:38.074 INFO     [pid=7307 thread=MainThread] BREADCRUMB {"event":"frame_catchup_capped","frame_seconds":0.1}
2026-08-02T07:33:38.165 INFO     [pid=7307 thread=MainThread] BREADCRUMB {"event":"frame_catchup_capped","frame_seconds":0.094}
2026-08-02T07:33:38.251 INFO     [pid=7307 thread=MainThread] BREADCRUMB {"event":"frame_catchup_capped","frame_seconds":0.09}
2026-08-02T07:33:38.418 INFO     [pid=7307 thread=MainThread] BREADCRUMB {"event":"frame_catchup_capped","frame_seconds":0.082}
2026-08-02T07:33:38.504 INFO     [pid=7307 thread=MainThread] BREADCRUMB {"event":"frame_catchup_capped","frame_seconds":0.089}
2026-08-02T07:33:38.602 INFO     [pid=7307 thread=MainThread] BREADCRUMB {"event":"frame_catchup_capped","frame_seconds":0.094}
2026-08-02T07:33:38.725 INFO     [pid=7307 thread=MainThread] BREADCRUMB {"event":"frame_catchup_capped","frame_seconds":0.1}
2026-08-02T07:33:38.820 INFO     [pid=7307 thread=MainThread] BREADCRUMB {"event":"frame_catchup_capped","frame_seconds":0.1}
2026-08-02T07:33:38.919 INFO     [pid=7307 thread=MainThread] BREADCRUMB {"event":"frame_catchup_capped","frame_seconds":0.097}
2026-08-02T07:33:39.023 INFO     [pid=7307 thread=MainThread] BREADCRUMB {"event":"frame_catchup_capped","frame_seconds":0.1}
2026-08-02T07:33:39.126 INFO     [pid=7307 thread=MainThread] BREADCRUMB {"event":"frame_catchup_capped","frame_seconds":0.098}
2026-08-02T07:33:39.216 INFO     [pid=7307 thread=MainThread] BREADCRUMB {"event":"frame_catchup_capped","frame_seconds":0.096}
2026-08-02T07:33:39.305 INFO     [pid=7307 thread=MainThread] BREADCRUMB {"event":"frame_catchup_capped","frame_seconds":0.094}
2026-08-02T07:33:39.412 INFO     [pid=7307 thread=MainThread] BREADCRUMB {"event":"frame_catchup_capped","frame_seconds":0.091}
2026-08-02T07:33:39.528 INFO     [pid=7307 thread=MainThread] BREADCRUMB {"event":"frame_catchup_capped","frame_seconds":0.1}
2026-08-02T07:33:39.635 INFO     [pid=7307 thread=MainThread] BREADCRUMB {"event":"frame_catchup_capped","frame_seconds":0.1}
2026-08-02T07:33:39.731 INFO     [pid=7307 thread=MainThread] BREADCRUMB {"event":"frame_catchup_capped","frame_seconds":0.098}
2026-08-02T07:33:39.819 INFO     [pid=7307 thread=MainThread] BREADCRUMB {"event":"frame_catchup_capped","frame_seconds":0.091}
2026-08-02T07:33:39.916 INFO     [pid=7307 thread=MainThread] BREADCRUMB {"event":"frame_catchup_capped","frame_seconds":0.094}
2026-08-02T07:33:39.997 INFO     [pid=7307 thread=MainThread] BREADCRUMB {"event":"frame_catchup_capped","frame_seconds":0.089}
2026-08-02T07:33:40.085 INFO     [pid=7307 thread=MainThread] BREADCRUMB {"event":"frame_catchup_capped","frame_seconds":0.085}
2026-08-02T07:33:40.200 INFO     [pid=7307 thread=MainThread] BREADCRUMB {"event":"frame_catchup_capped","frame_seconds":0.099}
2026-08-02T07:33:40.296 INFO     [pid=7307 thread=MainThread] BREADCRUMB {"event":"frame_catchup_capped","frame_seconds":0.1}
2026-08-02T07:33:40.387 INFO     [pid=7307 thread=MainThread] BREADCRUMB {"event":"frame_catchup_capped","frame_seconds":0.092}
2026-08-02T07:33:40.485 INFO     [pid=7307 thread=MainThread] BREADCRUMB {"event":"frame_catchup_capped","frame_seconds":0.094}
2026-08-02T07:33:40.568 INFO     [pid=7307 thread=MainThread] BREADCRUMB {"event":"frame_catchup_capped","frame_seconds":0.088}
2026-08-02T07:33:40.665 INFO     [pid=7307 thread=MainThread] BREADCRUMB {"event":"frame_catchup_capped","frame_seconds":0.093}
2026-08-02T07:33:40.763 INFO     [pid=7307 thread=MainThread] BREADCRUMB {"event":"frame_catchup_capped","frame_seconds":0.1}
2026-08-02T07:33:40.879 INFO     [pid=7307 thread=MainThread] BREADCRUMB {"event":"frame_catchup_capped","frame_seconds":0.1}
2026-08-02T07:33:40.978 INFO     [pid=7307 thread=MainThread] BREADCRUMB {"event":"frame_catchup_capped","frame_seconds":0.1}
2026-08-02T07:33:41.065 INFO     [pid=7307 thread=MainThread] BREADCRUMB {"event":"frame_catchup_capped","frame_seconds":0.093}
2026-08-02T07:33:41.162 INFO     [pid=7307 thread=MainThread] BREADCRUMB {"event":"frame_catchup_capped","frame_seconds":0.091}
2026-08-02T07:33:41.259 INFO     [pid=7307 thread=MainThread] BREADCRUMB {"event":"frame_catchup_capped","frame_seconds":0.096}
2026-08-02T07:33:41.368 INFO     [pid=7307 thread=MainThread] BREADCRUMB {"event":"frame_catchup_capped","frame_seconds":0.1}
2026-08-02T07:33:41.470 INFO     [pid=7307 thread=MainThread] BREADCRUMB {"event":"frame_catchup_capped","frame_seconds":0.1}
2026-08-02T07:33:41.572 INFO     [pid=7307 thread=MainThread] BREADCRUMB {"event":"frame_catchup_capped","frame_seconds":0.095}
2026-08-02T07:33:41.686 INFO     [pid=7307 thread=MainThread] BREADCRUMB {"event":"frame_catchup_capped","frame_seconds":0.1}
2026-08-02T07:33:41.773 INFO     [pid=7307 thread=MainThread] BREADCRUMB {"event":"frame_catchup_capped","frame_seconds":0.091}
2026-08-02T07:33:41.865 INFO     [pid=7307 thread=MainThread] BREADCRUMB {"event":"frame_catchup_capped","frame_seconds":0.088}
2026-08-02T07:33:41.949 INFO     [pid=7307 thread=MainThread] BREADCRUMB {"event":"frame_catchup_capped","frame_seconds":0.085}
2026-08-02T07:33:42.045 INFO     [pid=7307 thread=MainThread] BREADCRUMB {"event":"frame_catchup_capped","frame_seconds":0.09}
2026-08-02T07:33:42.136 INFO     [pid=7307 thread=MainThread] BREADCRUMB {"event":"frame_catchup_capped","frame_seconds":0.097}
2026-08-02T07:33:42.230 INFO     [pid=7307 thread=MainThread] BREADCRUMB {"event":"frame_catchup_capped","frame_seconds":0.093}
2026-08-02T07:33:42.345 INFO     [pid=7307 thread=MainThread] BREADCRUMB {"event":"frame_catchup_capped","frame_seconds":0.1}
2026-08-02T07:33:42.427 INFO     [pid=7307 thread=MainThread] BREADCRUMB {"event":"frame_catchup_capped","frame_seconds":0.089}
2026-08-02T07:33:42.586 INFO     [pid=7307 thread=MainThread] BREADCRUMB {"event":"frame_catchup_capped","frame_seconds":0.082}
2026-08-02T07:33:42.684 INFO     [pid=7307 thread=MainThread] BREADCRUMB {"event":"frame_catchup_capped","frame_seconds":0.086}
2026-08-02T07:33:42.781 INFO     [pid=7307 thread=MainThread] BREADCRUMB {"event":"frame_catchup_capped","frame_seconds":0.1}
2026-08-02T07:33:42.888 INFO     [pid=7307 thread=MainThread] BREADCRUMB {"event":"frame_catchup_capped","frame_seconds":0.1}
2026-08-02T07:33:43.015 INFO     [pid=7307 thread=MainThread] BREADCRUMB {"event":"frame_catchup_capped","frame_seconds":0.1}
2026-08-02T07:33:43.151 INFO     [pid=7307 thread=MainThread] BREADCRUMB {"event":"frame_catchup_capped","frame_seconds":0.1}
2026-08-02T07:33:43.284 INFO     [pid=7307 thread=MainThread] BREADCRUMB {"event":"frame_catchup_capped","frame_seconds":0.1}
2026-08-02T07:33:43.418 INFO     [pid=7307 thread=MainThread] BREADCRUMB {"event":"frame_catchup_capped","frame_seconds":0.1}
